Component: ARM Compiler 5.06 update 5 (build 528) Tool: armlink [4d35e2]

==============================================================================

Section Cross References

    main.o(i.main) refers to serial.o(i.SER_Init) for SER_Init
    main.o(i.main) refers to noretval__2printf.o(.text) for __2printf
    main.o(.ARM.exidx) refers to main.o(i.main) for i.main
    retarget.o(i._sys_exit) refers (Special) to use_no_semi.o(.text) for __use_no_semihosting_swi
    retarget.o(i._ttywrch) refers (Special) to use_no_semi.o(.text) for __use_no_semihosting_swi
    retarget.o(i._ttywrch) refers to serial.o(i.SER_PutChar) for SER_PutChar
    retarget.o(i.ferror) refers (Special) to use_no_semi.o(.text) for __use_no_semihosting_swi
    retarget.o(i.fgetc) refers (Special) to use_no_semi.o(.text) for __use_no_semihosting_swi
    retarget.o(i.fgetc) refers to serial.o(i.SER_GetChar) for SER_GetChar
    retarget.o(i.fputc) refers (Special) to use_no_semi.o(.text) for __use_no_semihosting_swi
    retarget.o(i.fputc) refers to serial.o(i.SER_PutChar) for SER_PutChar
    retarget.o(.data) refers (Special) to use_no_semi.o(.text) for __use_no_semihosting_swi
    rtx_conf_cm.o(.emb_text) refers to rt_cmsis.o(i.osKernelInitialize) for osKernelInitialize
    rtx_conf_cm.o(.emb_text) refers to rt_cmsis.o(i.osThreadCreate) for osThreadCreate
    rtx_conf_cm.o(.emb_text) refers to rt_cmsis.o(i.osKernelStart) for osKernelStart
    rtx_conf_cm.o(.emb_text) refers to exit.o(.text) for exit
    rtx_conf_cm.o(.emb_text) refers to rtx_conf_cm.o(.constdata) for os_thread_def_main
    rtx_conf_cm.o(i.__user_perthread_libspace) refers to rt_task.o(i.rt_tsk_self) for rt_tsk_self
    rtx_conf_cm.o(i.__user_perthread_libspace) refers to rt_cmsis.o(.data) for os_running
    rtx_conf_cm.o(i.__user_perthread_libspace) refers to rtx_conf_cm.o(.bss) for .bss
    rtx_conf_cm.o(i.__user_perthread_libspace) refers to libspace.o(.bss) for __libspace_start
    rtx_conf_cm.o(i._mutex_acquire) refers to rt_cmsis.o(.data) for os_running
    rtx_conf_cm.o(i._mutex_acquire) refers to rt_mutex.o(i.rt_mut_wait) for rt_mut_wait
    rtx_conf_cm.o(i._mutex_initialize) refers to rt_mutex.o(i.rt_mut_init) for rt_mut_init
    rtx_conf_cm.o(i._mutex_initialize) refers to rtx_conf_cm.o(.data) for .data
    rtx_conf_cm.o(i._mutex_initialize) refers to rtx_conf_cm.o(.bss) for .bss
    rtx_conf_cm.o(i._mutex_release) refers to rt_cmsis.o(.data) for os_running
    rtx_conf_cm.o(i._mutex_release) refers to rt_mutex.o(i.rt_mut_release) for rt_mut_release
    rtx_conf_cm.o(.constdata) refers to rt_cmsis.o(i.osTimerThread) for osTimerThread
    rtx_conf_cm.o(.constdata) refers to rtx_conf_cm.o(.bss) for os_messageQ_q_osTimerMessageQ
    rtx_conf_cm.o(.constdata) refers to main.o(i.main) for main
    startup_lpc17xx.o(STACK) refers (Special) to heapauxi.o(.text) for __use_two_region_memory
    startup_lpc17xx.o(HEAP) refers (Special) to heapauxi.o(.text) for __use_two_region_memory
    startup_lpc17xx.o(RESET) refers (Special) to heapauxi.o(.text) for __use_two_region_memory
    startup_lpc17xx.o(RESET) refers to startup_lpc17xx.o(STACK) for __initial_sp
    startup_lpc17xx.o(RESET) refers to startup_lpc17xx.o(.text) for Reset_Handler
    startup_lpc17xx.o(RESET) refers to hal_cm3.o(.emb_text) for SVC_Handler
    startup_lpc17xx.o(.ARM.__at_0x02FC) refers (Special) to heapauxi.o(.text) for __use_two_region_memory
    startup_lpc17xx.o(.text) refers (Special) to heapauxi.o(.text) for __use_two_region_memory
    startup_lpc17xx.o(.text) refers to system_lpc17xx.o(i.SystemInit) for SystemInit
    startup_lpc17xx.o(.text) refers to __main.o(!!!main) for __main
    startup_lpc17xx.o(.text) refers to startup_lpc17xx.o(HEAP) for Heap_Mem
    startup_lpc17xx.o(.text) refers to startup_lpc17xx.o(STACK) for Stack_Mem
    system_lpc17xx.o(i.SystemCoreClockUpdate) refers to lludivv7m.o(.text) for __aeabi_uldivmod
    system_lpc17xx.o(i.SystemCoreClockUpdate) refers to system_lpc17xx.o(.data) for SystemCoreClock
    rt_cmsis.o(i.isrMessageGet) refers to rt_mailbox.o(i.isr_mbx_receive) for isr_mbx_receive
    rt_cmsis.o(i.isrMessagePut) refers to rt_mailbox.o(i.rt_mbx_check) for rt_mbx_check
    rt_cmsis.o(i.isrMessagePut) refers to rt_mailbox.o(i.isr_mbx_send) for isr_mbx_send
    rt_cmsis.o(i.isrSemaphoreRelease) refers to rt_cmsis.o(i.rt_id2obj) for rt_id2obj
    rt_cmsis.o(i.isrSemaphoreRelease) refers to rt_semaphore.o(i.isr_sem_send) for isr_sem_send
    rt_cmsis.o(i.isrSignalSet) refers to rt_cmsis.o(i.rt_tid2ptcb) for rt_tid2ptcb
    rt_cmsis.o(i.isrSignalSet) refers to rt_event.o(i.isr_evt_set) for isr_evt_set
    rt_cmsis.o(i.osDelay) refers to rt_cmsis.o(i.svcDelay) for svcDelay
    rt_cmsis.o(i.osKernelInitialize) refers to rt_cmsis.o(i.svcKernelInitialize) for svcKernelInitialize
    rt_cmsis.o(i.osKernelRunning) refers to rt_cmsis.o(i.svcKernelRunning) for svcKernelRunning
    rt_cmsis.o(i.osKernelRunning) refers to rt_cmsis.o(.data) for .data
[...]
    rtexit2.o(.ARM.Collect$$rtexit$$00000004) refers to retarget.o(i._sys_exit) for _sys_exit
    rtexit2.o(.ARM.exidx) refers to rtexit2.o(.ARM.Collect$$rtexit$$00000001) for .ARM.Collect$$rtexit$$00000001
    rtexit2.o(.ARM.exidx) refers to rtexit2.o(.ARM.Collect$$rtexit$$00000003) for .ARM.Collect$$rtexit$$00000003
    rtexit2.o(.ARM.exidx) refers to rtexit2.o(.ARM.Collect$$rtexit$$00000004) for .ARM.Collect$$rtexit$$00000004
    rt_div0.o(.text) refers to defsig_fpe_outer.o(.text) for __rt_SIGFPE
    _printf_char_common.o(.text) refers to __printf_nopercent.o(.text) for __printf
    sys_stackheap_outer.o(.text) refers to libspace.o(.text) for __user_perproc_libspace
    sys_stackheap_outer.o(.text) refers to startup_lpc17xx.o(.text) for __user_initial_stackheap
    defsig_fpe_outer.o(.text) refers to defsig_fpe_inner.o(.text) for __rt_SIGFPE_inner
    defsig_fpe_outer.o(.text) refers to defsig_exit.o(.text) for __sig_exit
    defsig_fpe_formal.o(.text) refers to rt_raise.o(.text) for __rt_raise
    libinit.o(.ARM.Collect$$libinit$$00000000) refers (Special) to libinit2.o(.ARM.Collect$$libinit$$0000002E) for __rt_lib_init_alloca_1
    libinit.o(.ARM.Collect$$libinit$$00000000) refers (Special) to libinit2.o(.ARM.Collect$$libinit$$0000002C) for __rt_lib_init_argv_1
    libinit.o(.ARM.Collect$$libinit$$00000000) refers (Special) to libinit2.o(.ARM.Collect$$libinit$$0000001B) for __rt_lib_init_atexit_1
    libinit.o(.ARM.Collect$$libinit$$00000000) refers (Special) to libinit2.o(.ARM.Collect$$libinit$$00000021) for __rt_lib_init_clock_1
    libinit.o(.ARM.Collect$$libinit$$00000000) refers (Special) to libinit2.o(.ARM.Collect$$libinit$$00000032) for __rt_lib_init_cpp_1
    libinit.o(.ARM.Collect$$libinit$$00000000) refers (Special) to libinit2.o(.ARM.Collect$$libinit$$00000030) for __rt_lib_init_exceptions_1
    libinit.o(.ARM.Collect$$libinit$$00000000) refers (Special) to libinit2.o(.ARM.Collect$$libinit$$00000002) for __rt_lib_init_fp_1
    libinit.o(.ARM.Collect$$libinit$$00000000) refers (Special) to libinit2.o(.ARM.Collect$$libinit$$0000001F) for __rt_lib_init_fp_trap_1
    libinit.o(.ARM.Collect$$libinit$$00000000) refers (Special) to libinit2.o(.ARM.Collect$$libinit$$00000023) for __rt_lib_init_getenv_1
    libinit.o(.ARM.Collect$$libinit$$00000000) refers (Special) to libinit2.o(.ARM.Collect$$libinit$$0000000A) for __rt_lib_init_heap_1
    libinit.o(.ARM.Collect$$libinit$$00000000) refers (Special) to libinit2.o(.ARM.Collect$$libinit$$00000011) for __rt_lib_init_lc_collate_1
    libinit.o(.ARM.Collect$$libinit$$00000000) refers (Special) to libinit2.o(.ARM.Collect$$libinit$$00000013) for __rt_lib_init_lc_ctype_1
    libinit.o(.ARM.Collect$$libinit$$00000000) refers (Special) to libinit2.o(.ARM.Collect$$libinit$$00000015) for __rt_lib_init_lc_monetary_1
    libinit.o(.ARM.Collect$$libinit$$00000000) refers (Special) to libinit2.o(.ARM.Collect$$libinit$$00000017) for __rt_lib_init_lc_numeric_1
    libinit.o(.ARM.Collect$$libinit$$00000000) refers (Special) to libinit2.o(.ARM.Collect$$libinit$$00000019) for __rt_lib_init_lc_time_1
    libinit.o(.ARM.Collect$$libinit$$00000000) refers (Special) to libinit2.o(.ARM.Collect$$libinit$$00000004) for __rt_lib_init_preinit_1
    libinit.o(.ARM.Collect$$libinit$$00000000) refers (Special) to libinit2.o(.ARM.Collect$$libinit$$0000000E) for __rt_lib_init_rand_1
    libinit.o(.ARM.Collect$$libinit$$00000000) refers (Special) to libinit2.o(.ARM.Collect$$libinit$$00000033) for __rt_lib_init_return
    libinit.o(.ARM.Collect$$libinit$$00000000) refers (Special) to libinit2.o(.ARM.Collect$$libinit$$0000001D) for __rt_lib_init_signal_1
    libinit.o(.ARM.Collect$$libinit$$00000000) refers (Special) to libinit2.o(.ARM.Collect$$libinit$$00000025) for __rt_lib_init_stdio_1
    libinit.o(.ARM.Collect$$libinit$$00000000) refers (Special) to libinit2.o(.ARM.Collect$$libinit$$0000000C) for __rt_lib_init_user_alloc_1
    libshutdown.o(.ARM.Collect$$libshutdown$$00000000) refers (Special) to libshutdown2.o(.ARM.Collect$$libshutdown$$00000002) for __rt_lib_shutdown_cpp_1
    libshutdown.o(.ARM.Collect$$libshutdown$$00000000) refers (Special) to libshutdown2.o(.ARM.Collect$$libshutdown$$00000007) for __rt_lib_shutdown_fp_trap_1
    libshutdown.o(.ARM.Collect$$libshutdown$$00000000) refers (Special) to libshutdown2.o(.ARM.Collect$$libshutdown$$0000000F) for __rt_lib_shutdown_heap_1
    libshutdown.o(.ARM.Collect$$libshutdown$$00000000) refers (Special) to libshutdown2.o(.ARM.Collect$$libshutdown$$00000010) for __rt_lib_shutdown_return
    libshutdown.o(.ARM.Collect$$libshutdown$$00000000) refers (Special) to libshutdown2.o(.ARM.Collect$$libshutdown$$0000000A) for __rt_lib_shutdown_signal_1
    libshutdown.o(.ARM.Collect$$libshutdown$$00000000) refers (Special) to libshutdown2.o(.ARM.Collect$$libshutdown$$00000004) for __rt_lib_shutdown_stdio_1
    libshutdown.o(.ARM.Collect$$libshutdown$$00000000) refers (Special) to libshutdown2.o(.ARM.Collect$$libshutdown$$0000000C) for __rt_lib_shutdown_user_alloc_1
    rt_raise.o(.text) refers to __raise.o(.text) for __raise
    rt_raise.o(.text) refers to retarget.o(i._sys_exit) for _sys_exit
    defsig_exit.o(.text) refers to retarget.o(i._sys_exit) for _sys_exit
    defsig_fpe_inner.o(.text) refers to defsig_general.o(.text) for __default_signal_display
    libinit2.o(.ARM.Collect$$libinit$$00000010) refers to libinit2.o(.ARM.Collect$$libinit$$0000000F) for .ARM.Collect$$libinit$$0000000F
    libinit2.o(.ARM.Collect$$libinit$$00000012) refers to libinit2.o(.ARM.Collect$$libinit$$0000000F) for .ARM.Collect$$libinit$$0000000F
    libinit2.o(.ARM.Collect$$libinit$$00000014) refers to libinit2.o(.ARM.Collect$$libinit$$0000000F) for .ARM.Collect$$libinit$$0000000F
    libinit2.o(.ARM.Collect$$libinit$$00000016) refers to libinit2.o(.ARM.Collect$$libinit$$0000000F) for .ARM.Collect$$libinit$$0000000F
    libinit2.o(.ARM.Collect$$libinit$$00000018) refers to libinit2.o(.ARM.Collect$$libinit$$0000000F) for .ARM.Collect$$libinit$$0000000F
    libinit2.o(.ARM.Collect$$libinit$$00000026) refers to argv_veneer.o(.emb_text) for __ARM_argv_veneer
    libinit2.o(.ARM.Collect$$libinit$$00000027) refers to argv_veneer.o(.emb_text) for __ARM_argv_veneer
    __raise.o(.text) refers to defsig.o(CL$$defsig) for __default_signal_handler
    defsig_general.o(.text) refers to retarget.o(i._ttywrch) for _ttywrch
    argv_veneer.o(.emb_text) refers to no_argv.o(.text) for __ARM_get_argv
    defsig.o(CL$$defsig) refers to defsig_fpe_inner.o(.text) for __rt_SIGFPE_inner
    defsig.o(CL$$defsig) refers to defsig_rtmem_inner.o(.text) for __rt_SIGRTMEM_inner
    _get_argv_nomalloc.o(.text) refers (Special) to hrguard.o(.text) for __heap_region$guard
    _get_argv_nomalloc.o(.text) refers to defsig_rtmem_outer.o(.text) for __rt_SIGRTMEM
    _get_argv_nomalloc.o(.text) refers to sys_command.o(.text) for _sys_command_string
    sys_command.o(.text) refers (Special) to use_no_semi.o(.text) for __I$use$semihosting
    sys_command.o(.text) refers (Special) to indicate_semi.o(.text) for __semihosting_library_function
    defsig_abrt_inner.o(.text) refers to defsig_general.o(.text) for __default_signal_display
    defsig_rtred_inner.o(.text) refers to defsig_general.o(.text) for __default_signal_display
    defsig_rtmem_inner.o(.text) refers to defsig_general.o(.text) for __default_signal_display
    defsig_rtmem_outer.o(.text) refers to defsig_rtmem_inner.o(.text) for __rt_SIGRTMEM_inner
    defsig_rtmem_outer.o(.text) refers to defsig_exit.o(.text) for __sig_exit
    defsig_rtmem_formal.o(.text) refers to rt_raise.o(.text) for __rt_raise
    defsig_stak_inner.o(.text) refers to defsig_general.o(.text) for __default_signal_display
    defsig_pvfn_inner.o(.text) refers to defsig_general.o(.text) for __default_signal_display
    defsig_cppl_inner.o(.text) refers to defsig_general.o(.text) for __default_signal_display
    defsig_segv_inner.o(.text) refers to defsig_general.o(.text) for __default_signal_display
    defsig_other.o(.text) refers to defsig_general.o(.text) for __default_signal_display


==============================================================================

Removing Unused input sections from the image.

    Removing main.o(.rev16_text), (4 bytes).
    Removing main.o(.revsh_text), (4 bytes).
    Removing main.o(.rrx_text), (6 bytes).
    Removing main.o(.ARM.exidx), (8 bytes).
    Removing retarget.o(i._ttywrch), (12 bytes).
    Removing retarget.o(i.fgetc), (10 bytes).
    Removing serial.o(.rev16_text), (4 bytes).
    Removing serial.o(.revsh_text), (4 bytes).
    Removing serial.o(.rrx_text), (6 bytes).
    Removing serial.o(i.SER_GetChar), (24 bytes).
    Removing rtx_conf_cm.o(i.__user_perthread_libspace), (44 bytes).
    Removing rtx_conf_cm.o(i._mutex_initialize), (44 bytes).
    Removing system_lpc17xx.o(.rev16_text), (4 bytes).
    Removing system_lpc17xx.o(.revsh_text), (4 bytes).
    Removing system_lpc17xx.o(.rrx_text), (6 bytes).
    Removing system_lpc17xx.o(i.SystemCoreClockUpdate), (424 bytes).
    Removing system_lpc17xx.o(.data), (4 bytes).
    Removing rt_cmsis.o(.rev16_text), (4 bytes).
    Removing rt_cmsis.o(.revsh_text), (4 bytes).
    Removing rt_cmsis.o(.rrx_text), (6 bytes).
    Removing rt_cmsis.o(i.isrSemaphoreRelease), (40 bytes).
    Removing rt_cmsis.o(i.isrSignalSet), (36 bytes).
    Removing rt_cmsis.o(i.osDelay), (24 bytes).
    Removing rt_cmsis.o(i.osKernelRunning), (36 bytes).
    Removing rt_cmsis.o(i.osKernelSysTick), (24 bytes).
    Removing rt_cmsis.o(i.osMailAlloc), (28 bytes).
    Removing rt_cmsis.o(i.osMailCAlloc), (48 bytes).
    Removing rt_cmsis.o(i.osMailCreate), (44 bytes).
    Removing rt_cmsis.o(i.osMailFree), (28 bytes).
    Removing rt_cmsis.o(i.osMailGet), (22 bytes).
    Removing rt_cmsis.o(i.osMailPut), (20 bytes).
    Removing rt_cmsis.o(i.osMessageCreate), (44 bytes).
    Removing rt_cmsis.o(i.osMessagePut), (24 bytes).
    Removing rt_cmsis.o(i.osMutexCreate), (44 bytes).
    Removing rt_cmsis.o(i.osMutexDelete), (24 bytes).
    Removing rt_cmsis.o(i.osMutexRelease), (24 bytes).
    Removing rt_cmsis.o(i.osMutexWait), (24 bytes).
    Removing rt_cmsis.o(i.osPoolAlloc), (32 bytes).
    Removing rt_cmsis.o(i.osPoolCAlloc), (52 bytes).
    Removing rt_cmsis.o(i.osPoolCreate), (44 bytes).
    Removing rt_cmsis.o(i.osPoolFree), (32 bytes).
    Removing rt_cmsis.o(i.osSemaphoreCreate), (44 bytes).
    Removing rt_cmsis.o(i.osSemaphoreDelete), (24 bytes).
    Removing rt_cmsis.o(i.osSemaphoreRelease), (24 bytes).
    Removing rt_cmsis.o(i.osSemaphoreWait), (24 bytes).
    Removing rt_cmsis.o(i.osSignalClear), (24 bytes).
    Removing rt_cmsis.o(i.osSignalSet), (24 bytes).
    Removing rt_cmsis.o(i.osSignalWait), (24 bytes).
    Removing rt_cmsis.o(i.osThreadGetId), (24 bytes).
    Removing rt_cmsis.o(i.osThreadGetPriority), (24 bytes).
    Removing rt_cmsis.o(i.osThreadSetPriority), (24 bytes).
    Removing rt_cmsis.o(i.osThreadTerminate), (24 bytes).
    Removing rt_cmsis.o(i.osThreadYield), (24 bytes).
    Removing rt_cmsis.o(i.osTimerCreate), (44 bytes).
    Removing rt_cmsis.o(i.osTimerDelete), (24 bytes).
    Removing rt_cmsis.o(i.osTimerStart), (24 bytes).
    Removing rt_cmsis.o(i.osTimerStop), (24 bytes).
    Removing rt_cmsis.o(i.osWait), (4 bytes).
    Removing rt_cmsis.o(i.os_resume), (12 bytes).
    Removing rt_cmsis.o(i.os_suspend), (12 bytes).
    Removing rt_cmsis.o(i.rt_clr_box), (24 bytes).
    Removing rt_cmsis.o(i.rt_timer_remove), (60 bytes).
    Removing rt_cmsis.o(i.svcDelay), (18 bytes).
    Removing rt_cmsis.o(i.svcKernelRunning), (12 bytes).
    Removing rt_cmsis.o(i.svcKernelSysTick), (56 bytes).
    Removing rt_cmsis.o(i.svcMailCreate), (66 bytes).
    Removing rt_cmsis.o(i.svcMessagePut), (54 bytes).
    Removing rt_cmsis.o(i.svcMutexCreate), (28 bytes).
    Removing rt_cmsis.o(i.svcMutexDelete), (26 bytes).
    Removing rt_cmsis.o(i.svcMutexRelease), (34 bytes).
    Removing rt_cmsis.o(i.svcMutexWait), (58 bytes).
    Removing rt_cmsis.o(i.svcPoolCreate), (40 bytes).
    Removing rt_cmsis.o(i.svcSemaphoreCreate), (36 bytes).
    Removing rt_cmsis.o(i.svcSemaphoreDelete), (26 bytes).
    Removing rt_cmsis.o(i.svcSemaphoreRelease), (40 bytes).
    Removing rt_cmsis.o(i.svcSemaphoreWait), (50 bytes).
    Removing rt_cmsis.o(i.svcSignalClear), (36 bytes).
    Removing rt_cmsis.o(i.svcSignalSet), (36 bytes).
    Removing rt_cmsis.o(i.svcSignalWait), (84 bytes).
    Removing rt_cmsis.o(i.svcThreadGetPriority), (18 bytes).
    Removing rt_cmsis.o(i.svcThreadSetPriority), (46 bytes).
    Removing rt_cmsis.o(i.svcThreadYield), (10 bytes).
    Removing rt_cmsis.o(i.svcTimerCreate), (56 bytes).
    Removing rt_cmsis.o(i.svcTimerDelete), (40 bytes).
    Removing rt_cmsis.o(i.svcTimerStart), (100 bytes).
    Removing rt_cmsis.o(i.svcTimerStop), (36 bytes).
    Removing rt_cmsis.o(i.sysMailAlloc), (88 bytes).
    Removing rt_cmsis.o(i.sysMailFree), (96 bytes).
    Removing rt_cmsis.o(i.sysPoolAlloc), (10 bytes).
    Removing rt_cmsis.o(i.sysPoolFree), (20 bytes).
    Removing rt_cmsis.o(i.sysUserTimerUpdate), (48 bytes).
    Removing rt_cmsis.o(i.sysUserTimerWakeupTime), (20 bytes).
    Removing rt_task.o(i.rt_tsk_pass), (48 bytes).
    Removing rt_mutex.o(i.rt_mut_delete), (176 bytes).
    Removing rt_mutex.o(i.rt_mut_init), (16 bytes).
    Removing rt_system.o(.emb_text), (0 bytes).
    Removing rt_system.o(i.os_tick_ovf), (16 bytes).
    Removing rt_system.o(i.os_tick_val), (20 bytes).
    Removing rt_system.o(i.rt_resume), (136 bytes).
    Removing rt_system.o(i.rt_suspend), (36 bytes).
    Removing rt_system.o(i.rt_tsk_lock), (80 bytes).
    Removing rt_system.o(i.rt_tsk_unlock), (80 bytes).
    Removing rt_event.o(i.isr_evt_set), (40 bytes).
    Removing rt_event.o(i.rt_evt_clr), (28 bytes).
    Removing rt_event.o(i.rt_evt_get), (12 bytes).
    Removing rt_event.o(i.rt_evt_set), (92 bytes).
    Removing rt_event.o(i.rt_evt_wait), (60 bytes).
    Removing rt_list.o(i.rt_get_same_rdy_prio), (36 bytes).
    Removing rt_mailbox.o(i.rt_mbx_send), (152 bytes).
    Removing rt_semaphore.o(i.isr_sem_send), (16 bytes).
    Removing rt_semaphore.o(i.rt_sem_delete), (92 bytes).
    Removing rt_semaphore.o(i.rt_sem_init), (12 bytes).
    Removing rt_semaphore.o(i.rt_sem_send), (42 bytes).
    Removing rt_semaphore.o(i.rt_sem_wait), (64 bytes).
    Removing rt_time.o(i.rt_dly_wait), (6 bytes).
    Removing rt_time.o(i.rt_itv_set), (24 bytes).
    Removing rt_time.o(i.rt_itv_wait), (40 bytes).
    Removing rt_time.o(i.rt_time_get), (12 bytes).
    Removing rt_membox.o(i._calloc_box), (30 bytes).

119 unused section(s) (total 4510 bytes) removed from the image.

==============================================================================

Image Symbol Table

    Local Symbols

    Symbol Name                              Value     Ov Type        Size  Object(Section)

    RESET                                    0x00000000   Section      204  startup_lpc17xx.o(RESET)
    ../clib/angel/boardlib.s                 0x00000000   Number         0  boardshut.o ABSOLUTE
    ../clib/angel/boardlib.s                 0x00000000   Number         0  boardinit2.o ABSOLUTE
    ../clib/angel/boardlib.s                 0x00000000   Number         0  boardinit1.o ABSOLUTE
    ../clib/angel/handlers.s                 0x00000000   Number         0  __scatter_copy.o ABSOLUTE
    ../clib/angel/handlers.s                 0x00000000   Number         0  __scatter_zi.o ABSOLUTE
    ../clib/angel/kernel.s                   0x00000000   Number         0  __rtentry2.o ABSOLUTE
    ../clib/angel/kernel.s                   0x00000000   Number         0  rtexit.o ABSOLUTE
    ../clib/angel/kernel.s                   0x00000000   Number         0  rtexit2.o ABSOLUTE
    ../clib/angel/kernel.s                   0x00000000   Number         0  __rtentry.o ABSOLUTE
    ../clib/angel/kernel.s                   0x00000000   Number         0  __rtentry4.o ABSOLUTE
    ../clib/angel/rt.s                       0x00000000   Number         0  rt_raise.o ABSOLUTE
    ../clib/angel/rt.s                       0x00000000   Number         0  aeabi_ldiv0.o ABSOLUTE
    ../clib/angel/rt.s                       0x00000000   Number         0  aeabi_ldiv0_sigfpe.o ABSOLUTE
    ../clib/angel/rt.s                       0x00000000   Number         0  rt_div0.o ABSOLUTE
    ../clib/angel/scatter.s                  0x00000000   Number         0  __scatter.o ABSOLUTE
    ../clib/angel/startup.s                  0x00000000   Number         0  __main.o ABSOLUTE
    ../clib/angel/sys.s                      0x00000000   Number         0  sys_stackheap_outer.o ABSOLUTE
    ../clib/angel/sys.s                      0x00000000   Number         0  use_no_semi.o ABSOLUTE
    ../clib/angel/sys.s                      0x00000000   Number         0  libspace.o ABSOLUTE
    ../clib/angel/sys.s                      0x00000000   Number         0  indicate_semi.o ABSOLUTE
    ../clib/angel/sysapp.c                   0x00000000   Number         0  sys_command.o ABSOLUTE
    ../clib/armsys.c                         0x00000000   Number         0  argv_veneer.o ABSOLUTE
    ../clib/armsys.c                         0x00000000   Number         0  _get_argv_nomalloc.o ABSOLUTE
    ../clib/armsys.c                         0x00000000   Number         0  no_argv.o ABSOLUTE
    ../clib/armsys.c                         0x00000000   Number         0  argv_veneer.o ABSOLUTE
    ../clib/heapalloc.c                      0x00000000   Number         0  hrguard.o ABSOLUTE
    ../clib/heapaux.c                        0x00000000   Number         0  heapauxi.o ABSOLUTE
    ../clib/libinit.s                        0x00000000   Number         0  libshutdown2.o ABSOLUTE
    ../clib/libinit.s                        0x00000000   Number         0  libinit2.o ABSOLUTE
    ../clib/libinit.s                        0x00000000   Number         0  libinit.o ABSOLUTE
    ../clib/libinit.s                        0x00000000   Number         0  libshutdown.o ABSOLUTE
    ../clib/longlong.s                       0x00000000   Number         0  lludivv7m.o ABSOLUTE
    ../clib/printf.c                         0x00000000   Number         0  noretval__2printf.o ABSOLUTE
    ../clib/printf.c                         0x00000000   Number         0  __2printf.o ABSOLUTE
    ../clib/printf.c                         0x00000000   Number         0  __printf_nopercent.o ABSOLUTE
    ../clib/printf.c                         0x00000000   Number         0  _printf_char_common.o ABSOLUTE
    ../clib/printf.c                         0x00000000   Number         0  _printf_char_file.o ABSOLUTE
    ../clib/signal.c                         0x00000000   Number         0  defsig_abrt_inner.o ABSOLUTE
    ../clib/signal.c                         0x00000000   Number         0  defsig_general.o ABSOLUTE
    ../clib/signal.c                         0x00000000   Number         0  __raise.o ABSOLUTE
    ../clib/signal.c                         0x00000000   Number         0  defsig_fpe_formal.o ABSOLUTE
    ../clib/signal.c                         0x00000000   Number         0  defsig_fpe_inner.o ABSOLUTE
    ../clib/signal.c                         0x00000000   Number         0  defsig_exit.o ABSOLUTE
    ../clib/signal.c                         0x00000000   Number         0  defsig_rtmem_formal.o ABSOLUTE
    ../clib/signal.c                         0x00000000   Number         0  defsig_stak_inner.o ABSOLUTE
    ../clib/signal.c                         0x00000000   Number         0  defsig_pvfn_inner.o ABSOLUTE
    ../clib/signal.c                         0x00000000   Number         0  defsig_cppl_inner.o ABSOLUTE
    ../clib/signal.c                         0x00000000   Number         0  defsig_segv_inner.o ABSOLUTE
    ../clib/signal.c                         0x00000000   Number         0  defsig_other.o ABSOLUTE
    ../clib/signal.c                         0x00000000   Number         0  defsig_fpe_outer.o ABSOLUTE
    ../clib/signal.c                         0x00000000   Number         0  defsig_rtmem_inner.o ABSOLUTE
    ../clib/signal.c                         0x00000000   Number         0  defsig_rtred_inner.o ABSOLUTE
    ../clib/signal.c                         0x00000000   Number         0  defsig_rtmem_outer.o ABSOLUTE
    ../clib/signal.s                         0x00000000   Number         0  defsig.o ABSOLUTE
    ../clib/stdlib.c                         0x00000000   Number         0  exit.o ABSOLUTE
    ../fplib/fpinit.s                        0x00000000   Number         0  fpinit.o ABSOLUTE
    ..\HAL_CM.c                              0x00000000   Number         0  hal_cm.o ABSOLUTE
    ..\\rt_CMSIS.c                           0x00000000   Number         0  rt_cmsis.o ABSOLUTE
    ..\\rt_System.c                          0x00000000   Number         0  rt_system.o ABSOLUTE
    ..\rt_CMSIS.c                            0x00000000   Number         0  rt_cmsis.o ABSOLUTE
    ..\rt_Event.c                            0x00000000   Number         0  rt_event.o ABSOLUTE
    ..\rt_List.c                             0x00000000   Number         0  rt_list.o ABSOLUTE
    ..\rt_Mailbox.c                          0x00000000   Number         0  rt_mailbox.o ABSOLUTE
    ..\rt_MemBox.c                           0x00000000   Number         0  rt_membox.o ABSOLUTE
    ..\rt_Memory.c                           0x00000000   Number         0  rt_memory.o ABSOLUTE
    ..\rt_Mutex.c                            0x00000000   Number         0  rt_mutex.o ABSOLUTE
    ..\rt_Robin.c                            0x00000000   Number         0  rt_robin.o ABSOLUTE
    ..\rt_Semaphore.c                        0x00000000   Number         0  rt_semaphore.o ABSOLUTE
    ..\rt_System.c                           0x00000000   Number         0  rt_system.o ABSOLUTE
    ..\rt_Task.c                             0x00000000   Number         0  rt_task.o ABSOLUTE
    ..\rt_Time.c                             0x00000000   Number         0  rt_time.o ABSOLUTE
    HAL_CM3.c                                0x00000000   Number         0  hal_cm3.o ABSOLUTE
    HAL_CM3.c                                0x00000000   Number         0  hal_cm3.o ABSOLUTE
    RTE\CMSIS\RTX_Conf_CM.c                  0x00000000   Number         0  rtx_conf_cm.o ABSOLUTE
    RTE\Device\LPC1768\startup_LPC17xx.s     0x00000000   Number         0  startup_lpc17xx.o ABSOLUTE
    RTE\Device\LPC1768\system_LPC17xx.c      0x00000000   Number         0  system_lpc17xx.o ABSOLUTE
    RTE\\CMSIS\\RTX_Conf_CM.c                0x00000000   Number         0  rtx_conf_cm.o ABSOLUTE
    RTE\\Device\\LPC1768\\system_LPC17xx.c   0x00000000   Number         0  system_lpc17xx.o ABSOLUTE
    Retarget.c                               0x00000000   Number         0  retarget.o ABSOLUTE
    SVC_Table.s                              0x00000000   Number         0  svc_table.o ABSOLUTE
    Serial.c                                 0x00000000   Number         0  serial.o ABSOLUTE
    Serial.c                                 0x00000000   Number         0  serial.o ABSOLUTE
    dc.s                                     0x00000000   Number         0  dc.o ABSOLUTE
    main.cpp                                 0x00000000   Number         0  main.o ABSOLUTE
    main.cpp                                 0x00000000   Number         0  main.o ABSOLUTE
    !!!main                                  0x000000cc   Section        8  __main.o(!!!main)
    !!!scatter                               0x000000d4   Section       52  __scatter.o(!!!scatter)
    !!handler_copy                           0x00000108   Section       26  __scatter_copy.o(!!handler_copy)
    !!handler_zi                             0x00000124   Section       28  __scatter_zi.o(!!handler_zi)
    .ARM.Collect$$libinit$$00000000          0x00000140   Section        2  libinit.o(.ARM.Collect$$libinit$$00000000)
    .ARM.Collect$$libinit$$00000002          0x00000142   Section        0  libinit2.o(.ARM.Collect$$libinit$$00000002)
    .ARM.Collect$$libinit$$00000004          0x00000142   Section        0  libinit2.o(.ARM.Collect$$libinit$$00000004)
    .ARM.Collect$$libinit$$0000000A          0x00000142   Section        0  libinit2.o(.ARM.Collect$$libinit$$0000000A)
    .ARM.Collect$$libinit$$0000000C          0x00000142   Section        0  libinit2.o(.ARM.Collect$$libinit$$0000000C)
    .ARM.Collect$$libinit$$0000000E          0x00000142   Section        0  libinit2.o(.ARM.Collect$$libinit$$0000000E)
    .ARM.Collect$$libinit$$00000011          0x00000142   Section        0  libinit2.o(.ARM.Collect$$libinit$$00000011)
    .ARM.Collect$$libinit$$00000013          0x00000142   Section        0  libinit2.o(.ARM.Collect$$libinit$$00000013)
    .ARM.Collect$$libinit$$00000015          0x00000142   Section        0  libinit2.o(.ARM.Collect$$libinit$$00000015)
    .ARM.Collect$$libinit$$00000017          0x00000142   Section        0  libinit2.o(.ARM.Collect$$libinit$$00000017)
    .ARM.Collect$$libinit$$00000019          0x00000142   Section        0  libinit2.o(.ARM.Collect$$libinit$$00000019)
    .ARM.Collect$$libinit$$0000001B          0x00000142   Section        0  libinit2.o(.ARM.Collect$$libinit$$0000001B)
    .ARM.Collect$$libinit$$0000001D          0x00000142   Section        0  libinit2.o(.ARM.Collect$$libinit$$0000001D)
    .ARM.Collect$$libinit$$0000001F          0x00000142   Section        0  libinit2.o(.ARM.Collect$$libinit$$0000001F)
    .ARM.Collect$$libinit$$00000021          0x00000142   Section        0  libinit2.o(.ARM.Collect$$libinit$$00000021)
    .ARM.Collect$$libinit$$00000023          0x00000142   Section        0  libinit2.o(.ARM.Collect$$libinit$$00000023)
    .ARM.Collect$$libinit$$00000025          0x00000142   Section        0  libinit2.o(.ARM.Collect$$libinit$$00000025)
    .ARM.Collect$$libinit$$0000002C          0x00000142   Section        0  libinit2.o(.ARM.Collect$$libinit$$0000002C)
    .ARM.Collect$$libinit$$0000002E          0x00000142   Section        0  libinit2.o(.ARM.Collect$$libinit$$0000002E)
    .ARM.Collect$$libinit$$00000030          0x00000142   Section        0  libinit2.o(.ARM.Collect$$libinit$$00000030)
    .ARM.Collect$$libinit$$00000032          0x00000142   Section        0  libinit2.o(.ARM.Collect$$libinit$$00000032)
    .ARM.Collect$$libinit$$00000033          0x00000142   Section        2  libinit2.o(.ARM.Collect$$libinit$$00000033)
    .ARM.Collect$$libshutdown$$00000000      0x00000144   Section        2  libshutdown.o(.ARM.Collect$$libshutdown$$00000000)
    .ARM.Collect$$libshutdown$$00000002      0x00000146   Section        0  libshutdown2.o(.ARM.Collect$$libshutdown$$00000002)
    .ARM.Collect$$libshutdown$$00000004      0x00000146   Section        0  libshutdown2.o(.ARM.Collect$$libshutdown$$00000004)
    .ARM.Collect$$libshutdown$$00000007      0x00000146   Section        0  libshutdown2.o(.ARM.Collect$$libshutdown$$00000007)
    .ARM.Collect$$libshutdown$$0000000A      0x00000146   Section        0  libshutdown2.o(.ARM.Collect$$libshutdown$$0000000A)
    .ARM.Collect$$libshutdown$$0000000C      0x00000146   Section        0  libshutdown2.o(.ARM.Collect$$libshutdown$$0000000C)
    .ARM.Collect$$libshutdown$$0000000F      0x00000146   Section        0  libshutdown2.o(.ARM.Collect$$libshutdown$$0000000F)
    .ARM.Collect$$libshutdown$$00000010      0x00000146   Section        2  libshutdown2.o(.ARM.Collect$$libshutdown$$00000010)
    .ARM.Collect$$rtentry$$00000000          0x00000148   Section        0  __rtentry.o(.ARM.Collect$$rtentry$$00000000)
    .ARM.Collect$$rtentry$$00000002          0x00000148   Section        0  __rtentry2.o(.ARM.Collect$$rtentry$$00000002)
    .ARM.Collect$$rtentry$$00000004          0x00000148   Section        6  __rtentry4.o(.ARM.Collect$$rtentry$$00000004)
    .ARM.Collect$$rtentry$$00000009          0x0000014e   Section        0  __rtentry2.o(.ARM.Collect$$rtentry$$00000009)
    .ARM.Collect$$rtentry$$0000000A          0x0000014e   Section        4  __rtentry2.o(.ARM.Collect$$rtentry$$0000000A)
    .ARM.Collect$$rtentry$$0000000B          0x00000152   Section        8  __rtentry2.o(.ARM.Collect$$rtentry$$0000000B)
    .ARM.Collect$$rtentry$$0000000D          0x0000015a   Section        8  __rtentry2.o(.ARM.Collect$$rtentry$$0000000D)
    .ARM.Collect$$rtexit$$00000000           0x00000162   Section        2  rtexit.o(.ARM.Collect$$rtexit$$00000000)
    .ARM.Collect$$rtexit$$00000002           0x00000164   Section        0  rtexit2.o(.ARM.Collect$$rtexit$$00000002)
    .ARM.Collect$$rtexit$$00000003           0x00000164   Section        4  rtexit2.o(.ARM.Collect$$rtexit$$00000003)
    .ARM.Collect$$rtexit$$00000004           0x00000168   Section        6  rtexit2.o(.ARM.Collect$$rtexit$$00000004)
    .emb_text                                0x00000170   Section       28  rtx_conf_cm.o(.emb_text)
    .emb_text                                0x0000018c   Section      304  hal_cm3.o(.emb_text)
    .text                                    0x000002bc   Section       60  startup_lpc17xx.o(.text)
    .text                                    0x000002f8   Section        2  use_no_semi.o(.text)
    i.os_tick_irqack                         0x000002fa   Section        0  rt_system.o(i.os_tick_irqack)
    .ARM.__at_0x02FC                         0x000002fc   Section        4  startup_lpc17xx.o(.ARM.__at_0x02FC)
    .text                                    0x00000300   Section        8  libspace.o(.text)
    .text                                    0x00000308   Section        0  noretval__2printf.o(.text)
    .text                                    0x00000320   Section        0  exit.o(.text)
    .text                                    0x00000332   Section        0  heapauxi.o(.text)
    .text                                    0x00000338   Section        0  _printf_char_file.o(.text)
    .text                                    0x0000035c   Section        0  _printf_char_common.o(.text)
    _printf_input_char                       0x0000035d   Thumb Code    10  _printf_char_common.o(.text)
    .text                                    0x0000038c   Section       74  sys_stackheap_outer.o(.text)
    .text                                    0x000003d6   Section        0  __printf_nopercent.o(.text)
    SVC_TABLE                                0x00000400   Section        4  svc_table.o(SVC_TABLE)
    i.SER_Init                               0x00000404   Section        0  serial.o(i.SER_Init)
    i.SER_PutChar                            0x00000458   Section        0  serial.o(i.SER_PutChar)
    i.SystemInit                             0x00000470   Section        0  system_lpc17xx.o(i.SystemInit)
    i._init_box                              0x000005b0   Section        0  rt_membox.o(i._init_box)
    i._mutex_acquire                         0x000005f8   Section        0  rtx_conf_cm.o(i._mutex_acquire)
    __tagsym$$used                           0x000005f9   Number         0  rtx_conf_cm.o(i._mutex_acquire)
    i._mutex_release                         0x00000618   Section        0  rtx_conf_cm.o(i._mutex_release)
    __tagsym$$used                           0x00000619   Number         0  rtx_conf_cm.o(i._mutex_release)
    i._sys_exit                              0x00000634   Section        0  retarget.o(i._sys_exit)
    i.dbg_init                               0x00000638   Section        0  hal_cm.o(i.dbg_init)
    i.dbg_task_notify                        0x00000668   Section        0  hal_cm.o(i.dbg_task_notify)
    i.dbg_task_switch                        0x00000688   Section        0  hal_cm.o(i.dbg_task_switch)
    i.ferror                                 0x00000698   Section        0  retarget.o(i.ferror)
    i.fputc                                  0x000006a0   Section        0  retarget.o(i.fputc)
    i.isrMessageGet                          0x000006ae   Section        0  rt_cmsis.o(i.isrMessageGet)
    i.isrMessagePut                          0x000006d8   Section        0  rt_cmsis.o(i.isrMessagePut)
    i.isr_mbx_receive                        0x00000704   Section        0  rt_mailbox.o(i.isr_mbx_receive)
    i.isr_mbx_send                           0x0000075a   Section        0  rt_mailbox.o(i.isr_mbx_send)
    i.main                                   0x00000768   Section        0  main.o(i.main)
    i.osKernelInitialize                     0x00000788   Section        0  rt_cmsis.o(i.osKernelInitialize)
    i.osKernelStart                          0x000007ac   Section        0  rt_cmsis.o(i.osKernelStart)
    i.osMessageGet                           0x00000818   Section        0  rt_cmsis.o(i.osMessageGet)
    i.osThreadCreate                         0x00000830   Section        0  rt_cmsis.o(i.osThreadCreate)
    i.osThreadExit                           0x0000085c   Section        0  rt_cmsis.o(i.osThreadExit)
    i.osTimerCall                            0x00000874   Section        0  rt_cmsis.o(i.osTimerCall)
    i.osTimerThread                          0x00000880   Section        0  rt_cmsis.o(i.osTimerThread)
    i.os_error                               0x000008ac   Section        0  rtx_conf_cm.o(i.os_error)
    i.os_idle_demon                          0x000008ce   Section        0  rtx_conf_cm.o(i.os_idle_demon)
    i.os_tick_init                           0x000008d4   Section        0  rt_system.o(i.os_tick_init)
    i.rt_alloc_box                           0x000008fc   Section        0  rt_membox.o(i.rt_alloc_box)
    i.rt_alloc_mem                           0x00000916   Section        0  rt_memory.o(i.rt_alloc_mem)
    i.rt_block                               0x00000954   Section        0  rt_task.o(i.rt_block)
    i.rt_chk_robin                           0x0000098c   Section        0  rt_robin.o(i.rt_chk_robin)
    i.rt_dec_dly                             0x000009d4   Section        0  rt_list.o(i.rt_dec_dly)
    i.rt_dispatch                            0x00000a44   Section        0  rt_task.o(i.rt_dispatch)
    i.rt_evt_psh                             0x00000a88   Section        0  rt_event.o(i.rt_evt_psh)
    i.rt_free_box                            0x00000ad8   Section        0  rt_membox.o(i.rt_free_box)
    i.rt_free_mem                            0x00000b04   Section        0  rt_memory.o(i.rt_free_mem)
    i.rt_get_first                           0x00000b2c   Section        0  rt_list.o(i.rt_get_first)
    i.rt_id2obj                              0x00000b54   Section        0  rt_cmsis.o(i.rt_id2obj)
    rt_id2obj                                0x00000b55   Thumb Code     8  rt_cmsis.o(i.rt_id2obj)
    i.rt_init_context                        0x00000b5c   Section        0  rt_task.o(i.rt_init_context)
    rt_init_context                          0x00000b5d   Thumb Code    66  rt_task.o(i.rt_init_context)
    i.rt_init_mem                            0x00000ba4   Section        0  rt_memory.o(i.rt_init_mem)
    i.rt_init_robin                          0x00000bc0   Section        0  rt_robin.o(i.rt_init_robin)
    i.rt_init_stack                          0x00000bd8   Section        0  hal_cm.o(i.rt_init_stack)
    i.rt_mbx_check                           0x00000c58   Section        0  rt_mailbox.o(i.rt_mbx_check)
    i.rt_mbx_init                            0x00000c60   Section        0  rt_mailbox.o(i.rt_mbx_init)
    i.rt_mbx_psh                             0x00000c7c   Section        0  rt_mailbox.o(i.rt_mbx_psh)
    i.rt_mbx_wait                            0x00000d6c   Section        0  rt_mailbox.o(i.rt_mbx_wait)
    i.rt_ms2tick                             0x00000e20   Section        0  rt_cmsis.o(i.rt_ms2tick)
    rt_ms2tick                               0x00000e21   Thumb Code    58  rt_cmsis.o(i.rt_ms2tick)
    i.rt_mut_release                         0x00000e64   Section        0  rt_mutex.o(i.rt_mut_release)
    i.rt_mut_wait                            0x00000f3c   Section        0  rt_mutex.o(i.rt_mut_wait)
    i.rt_pop_req                             0x00000fb4   Section        0  rt_system.o(i.rt_pop_req)
    i.rt_psh_req                             0x00001030   Section        0  rt_system.o(i.rt_psh_req)
    i.rt_psq_enq                             0x00001050   Section        0  rt_list.o(i.rt_psq_enq)
    i.rt_put_dly                             0x000010ac   Section        0  rt_list.o(i.rt_put_dly)
    i.rt_put_prio                            0x000010f4   Section        0  rt_list.o(i.rt_put_prio)
    i.rt_put_rdy_first                       0x0000112c   Section        0  rt_list.o(i.rt_put_rdy_first)
    i.rt_resort_prio                         0x00001140   Section        0  rt_list.o(i.rt_resort_prio)
    i.rt_ret_val                             0x00001174   Section        0  hal_cm.o(i.rt_ret_val)
    i.rt_ret_val2                            0x0000117a   Section        0  hal_cm.o(i.rt_ret_val2)
    i.rt_rmv_dly                             0x00001182   Section        0  rt_list.o(i.rt_rmv_dly)
    i.rt_rmv_list                            0x000011ac   Section        0  rt_list.o(i.rt_rmv_list)
    i.rt_sem_psh                             0x000011dc   Section        0  rt_semaphore.o(i.rt_sem_psh)
    i.rt_stk_check                           0x00001210   Section        0  rt_system.o(i.rt_stk_check)
    i.rt_switch_req                          0x00001234   Section        0  rt_task.o(i.rt_switch_req)
    i.rt_sys_init                            0x0000125c   Section        0  rt_task.o(i.rt_sys_init)
    i.rt_sys_start                           0x00001328   Section        0  rt_task.o(i.rt_sys_start)
    i.rt_systick                             0x000013a0   Section        0  rt_system.o(i.rt_systick)
    i.rt_tid2ptcb                            0x000013e0   Section        0  rt_cmsis.o(i.rt_tid2ptcb)
    rt_tid2ptcb                              0x000013e1   Thumb Code    18  rt_cmsis.o(i.rt_tid2ptcb)
    i.rt_timer_insert                        0x000013f4   Section        0  rt_cmsis.o(i.rt_timer_insert)
    rt_timer_insert                          0x000013f5   Thumb Code    48  rt_cmsis.o(i.rt_timer_insert)
    i.rt_tsk_create                          0x00001428   Section        0  rt_task.o(i.rt_tsk_create)
    i.rt_tsk_delete                          0x000014b0   Section        0  rt_task.o(i.rt_tsk_delete)
    i.rt_tsk_prio                            0x0000162c   Section        0  rt_task.o(i.rt_tsk_prio)
    i.rt_tsk_self                            0x000016a8   Section        0  rt_task.o(i.rt_tsk_self)
    i.svcKernelInitialize                    0x000016b8   Section        0  rt_cmsis.o(i.svcKernelInitialize)
    i.svcKernelStart                         0x00001728   Section        0  rt_cmsis.o(i.svcKernelStart)
    i.svcMessageCreate                       0x00001770   Section        0  rt_cmsis.o(i.svcMessageCreate)
    i.svcMessageGet                          0x00001794   Section        0  rt_cmsis.o(i.svcMessageGet)
    i.svcThreadCreate                        0x000017d0   Section        0  rt_cmsis.o(i.svcThreadCreate)
    i.svcThreadGetId                         0x0000183c   Section        0  rt_cmsis.o(i.svcThreadGetId)
    i.svcThreadTerminate                     0x00001858   Section        0  rt_cmsis.o(i.svcThreadTerminate)
    i.svcTimerCall                           0x00001890   Section        0  rt_cmsis.o(i.svcTimerCall)
    i.sysTimerTick                           0x000018a8   Section        0  rt_cmsis.o(i.sysTimerTick)
    .constdata                               0x00001904   Section      104  rtx_conf_cm.o(.constdata)
    __tagsym$$used                           0x00001920   Number         0  rtx_conf_cm.o(.constdata)
    __tagsym$$used                           0x00001924   Number         0  rtx_conf_cm.o(.constdata)
    __tagsym$$used                           0x00001928   Number         0  rtx_conf_cm.o(.constdata)
    __tagsym$$used                           0x0000192c   Number         0  rtx_conf_cm.o(.constdata)
    .bss                                     0x10000000   Section     3016  rtx_conf_cm.o(.bss)
    std_libspace                             0x100008a8   Data         672  rtx_conf_cm.o(.bss)
    std_libmutex                             0x10000b48   Data         128  rtx_conf_cm.o(.bss)
    .data                                    0x2007c000   Section        8  retarget.o(.data)
    .data                                    0x2007c008   Section       20  rtx_conf_cm.o(.data)
    nr_mutex                                 0x2007c018   Data           4  rtx_conf_cm.o(.data)
    .data                                    0x2007c01c   Section        8  rt_cmsis.o(.data)
    .data                                    0x2007c024   Section        8  rt_task.o(.data)
    .data                                    0x2007c02c   Section        8  rt_system.o(.data)
    os_lock                                  0x2007c02c   Data           1  rt_system.o(.data)
    os_psh_flag                              0x2007c02d   Data           1  rt_system.o(.data)
    pend_flags                               0x2007c02e   Data           1  rt_system.o(.data)
    .data                                    0x2007c034   Section        4  rt_time.o(.data)
    .data                                    0x2007c038   Section        8  rt_robin.o(.data)
    .data                                    0x2007c040   Section        1  hal_cm.o(.data)
    .bss                                     0x2007c044   Section       52  rt_task.o(.bss)
    .bss                                     0x2007c078   Section       48  rt_list.o(.bss)
    .bss                                     0x2007c0a8   Section       96  libspace.o(.bss)
    HEAP                                     0x2007c108   Section        0  startup_lpc17xx.o(HEAP)
    STACK                                    0x2007c108   Section      512  startup_lpc17xx.o(STACK)
    Heap_Mem                                 0x2007c108   Data           0  startup_lpc17xx.o(HEAP)
    Stack_Mem                                0x2007c108   Data         512  startup_lpc17xx.o(STACK)
    __initial_sp                             0x2007c308   Data           0  startup_lpc17xx.o(STACK)

    Global Symbols

    Symbol Name                              Value     Ov Type        Size  Object(Section)

    BuildAttributes$$THM_ISAv4$P$D$K$B$S$PE$A:L22UL41UL21$X:L11$S22US41US21$IEEE1$IW$USESV6$~STKCKD$USESV7$~SHL$OSPACE$ROPI$EBA8$UX$STANDARDLIB$REQ8$PRES8$EABIv2 0x00000000   Number         0  anon$$obj.o ABSOLUTE
    __ARM_use_no_argv                        0x00000000   Number         0  main.o ABSOLUTE
    __Vectors                                0x00000000   Data           4  startup_lpc17xx.o(RESET)
    __ARM_exceptions_init                     - Undefined Weak Reference
    __alloca_initialize                       - Undefined Weak Reference
    __arm_preinit_                            - Undefined Weak Reference
    __cpp_initialize__aeabi_                  - Undefined Weak Reference
    __cxa_finalize                            - Undefined Weak Reference
    __rt_locale                               - Undefined Weak Reference
    __sigvec_lookup                           - Undefined Weak Reference
    _atexit_init                              - Undefined Weak Reference
    _call_atexit_fns                          - Undefined Weak Reference
    _clock_init                               - Undefined Weak Reference
    _fp_trap_init                             - Undefined Weak Reference
    _fp_trap_shutdown                         - Undefined Weak Reference
    _get_lc_collate                           - Undefined Weak Reference
    _get_lc_ctype                             - Undefined Weak Reference
    _get_lc_monetary                          - Undefined Weak Reference
    _get_lc_numeric                           - Undefined Weak Reference
    _get_lc_time                              - Undefined Weak Reference
    _getenv_init                              - Undefined Weak Reference
    _handle_redirection                       - Undefined Weak Reference
    _init_alloc                               - Undefined Weak Reference
    _init_user_alloc                          - Undefined Weak Reference
    _initio                                   - Undefined Weak Reference
    _rand_init                                - Undefined Weak Reference
    _signal_finish                            - Undefined Weak Reference
    _signal_init                              - Undefined Weak Reference
    _terminate_alloc                          - Undefined Weak Reference
    _terminate_user_alloc                     - Undefined Weak Reference
    _terminateio                              - Undefined Weak Reference
    __main                                   0x000000cd   Thumb Code     8  __main.o(!!!main)
    __scatterload                            0x000000d5   Thumb Code     0  __scatter.o(!!!scatter)
    __scatterload_rt2                        0x000000d5   Thumb Code    44  __scatter.o(!!!scatter)
    __scatterload_rt2_thumb_only             0x000000d5   Thumb Code     0  __scatter.o(!!!scatter)
    __scatterload_null                       0x000000e3   Thumb Code     0  __scatter.o(!!!scatter)
    __scatterload_copy                       0x00000109   Thumb Code    26  __scatter_copy.o(!!handler_copy)
    __scatterload_zeroinit                   0x00000125   Thumb Code    28  __scatter_zi.o(!!handler_zi)
    __rt_lib_init                            0x00000141   Thumb Code     0  libinit.o(.ARM.Collect$$libinit$$00000000)
    __rt_lib_init_alloca_1                   0x00000143   Thumb Code     0  libinit2.o(.ARM.Collect$$libinit$$0000002E)
    __rt_lib_init_argv_1                     0x00000143   Thumb Code     0  libinit2.o(.ARM.Collect$$libinit$$0000002C)
    __rt_lib_init_atexit_1                   0x00000143   Thumb Code     0  libinit2.o(.ARM.Collect$$libinit$$0000001B)
    __rt_lib_init_clock_1                    0x00000143   Thumb Code     0  libinit2.o(.ARM.Collect$$libinit$$00000021)
    __rt_lib_init_cpp_1                      0x00000143   Thumb Code     0  libinit2.o(.ARM.Collect$$libinit$$00000032)
    __rt_lib_init_exceptions_1               0x00000143   Thumb Code     0  libinit2.o(.ARM.Collect$$libinit$$00000030)
    __rt_lib_init_fp_1                       0x00000143   Thumb Code     0  libinit2.o(.ARM.Collect$$libinit$$00000002)
    __rt_lib_init_fp_trap_1                  0x00000143   Thumb Code     0  libinit2.o(.ARM.Collect$$libinit$$0000001F)
    __rt_lib_init_getenv_1                   0x00000143   Thumb Code     0  libinit2.o(.ARM.Collect$$libinit$$00000023)
    __rt_lib_init_heap_1                     0x00000143   Thumb Code     0  libinit2.o(.ARM.Collect$$libinit$$0000000A)
    __rt_lib_init_lc_collate_1               0x00000143   Thumb Code     0  libinit2.o(.ARM.Collect$$libinit$$00000011)
    __rt_lib_init_lc_ctype_1                 0x00000143   Thumb Code     0  libinit2.o(.ARM.Collect$$libinit$$00000013)
    __rt_lib_init_lc_monetary_1              0x00000143   Thumb Code     0  libinit2.o(.ARM.Collect$$libinit$$00000015)
    __rt_lib_init_lc_numeric_1               0x00000143   Thumb Code     0  libinit2.o(.ARM.Collect$$libinit$$00000017)
    __rt_lib_init_lc_time_1                  0x00000143   Thumb Code     0  libinit2.o(.ARM.Collect$$libinit$$00000019)
    __rt_lib_init_preinit_1                  0x00000143   Thumb Code     0  libinit2.o(.ARM.Collect$$libinit$$00000004)
    __rt_lib_init_rand_1                     0x00000143   Thumb Code     0  libinit2.o(.ARM.Collect$$libinit$$0000000E)
    __rt_lib_init_return                     0x00000143   Thumb Code     0  libinit2.o(.ARM.Collect$$libinit$$00000033)
    __rt_lib_init_signal_1                   0x00000143   Thumb Code     0  libinit2.o(.ARM.Collect$$libinit$$0000001D)
    __rt_lib_init_stdio_1                    0x00000143   Thumb Code     0  libinit2.o(.ARM.Collect$$libinit$$00000025)
    __rt_lib_init_user_alloc_1               0x00000143   Thumb Code     0  libinit2.o(.ARM.Collect$$libinit$$0000000C)
    __rt_lib_shutdown                        0x00000145   Thumb Code     0  libshutdown.o(.ARM.Collect$$libshutdown$$00000000)
    __rt_lib_shutdown_cpp_1                  0x00000147   Thumb Code     0  libshutdown2.o(.ARM.Collect$$libshutdown$$00000002)
    __rt_lib_shutdown_fp_trap_1              0x00000147   Thumb Code     0  libshutdown2.o(.ARM.Collect$$libshutdown$$00000007)
    __rt_lib_shutdown_heap_1                 0x00000147   Thumb Code     0  libshutdown2.o(.ARM.Collect$$libshutdown$$0000000F)
    __rt_lib_shutdown_return                 0x00000147   Thumb Code     0  libshutdown2.o(.ARM.Collect$$libshutdown$$00000010)
    __rt_lib_shutdown_signal_1               0x00000147   Thumb Code     0  libshutdown2.o(.ARM.Collect$$libshutdown$$0000000A)
    __rt_lib_shutdown_stdio_1                0x00000147   Thumb Code     0  libshutdown2.o(.ARM.Collect$$libshutdown$$00000004)
    __rt_lib_shutdown_user_alloc_1           0x00000147   Thumb Code     0  libshutdown2.o(.ARM.Collect$$libshutdown$$0000000C)
    __rt_entry                               0x00000149   Thumb Code     0  __rtentry.o(.ARM.Collect$$rtentry$$00000000)
    __rt_entry_presh_1                       0x00000149   Thumb Code     0  __rtentry2.o(.ARM.Collect$$rtentry$$00000002)
    __rt_entry_sh                            0x00000149   Thumb Code     0  __rtentry4.o(.ARM.Collect$$rtentry$$00000004)
    __rt_entry_li                            0x0000014f   Thumb Code     0  __rtentry2.o(.ARM.Collect$$rtentry$$0000000A)
    __rt_entry_postsh_1                      0x0000014f   Thumb Code     0  __rtentry2.o(.ARM.Collect$$rtentry$$00000009)
    __rt_entry_postli_1                      0x00000153   Thumb Code     0  __rtentry2.o(.ARM.Collect$$rtentry$$0000000B)
    __rt_entry_main                          0x0000015b   Thumb Code     0  __rtentry2.o(.ARM.Collect$$rtentry$$0000000D)
    __rt_exit                                0x00000163   Thumb Code     0  rtexit.o(.ARM.Collect$$rtexit$$00000000)
    __rt_exit_ls                             0x00000165   Thumb Code     0  rtexit2.o(.ARM.Collect$$rtexit$$00000003)
    __rt_exit_prels_1                        0x00000165   Thumb Code     0  rtexit2.o(.ARM.Collect$$rtexit$$00000002)
    __rt_exit_exit                           0x00000169   Thumb Code     0  rtexit2.o(.ARM.Collect$$rtexit$$00000004)
    _platform_post_lib_init                  0x00000171   Thumb Code    24  rtx_conf_cm.o(.emb_text)
    rt_set_PSP                               0x0000018d   Thumb Code     6  hal_cm3.o(.emb_text)
    rt_get_PSP                               0x00000193   Thumb Code     6  hal_cm3.o(.emb_text)
    os_set_env                               0x00000199   Thumb Code    24  hal_cm3.o(.emb_text)
    _alloc_box                               0x000001b5   Thumb Code    28  hal_cm3.o(.emb_text)
    _free_box                                0x000001d5   Thumb Code    28  hal_cm3.o(.emb_text)
    SVC_Handler                              0x000001f5   Thumb Code   108  hal_cm3.o(.emb_text)
    PendSV_Handler                           0x0000026d   Thumb Code    56  hal_cm3.o(.emb_text)
    SysTick_Handler                          0x000002a9   Thumb Code     8  hal_cm3.o(.emb_text)
    OS_Tick_Handler                          0x000002b1   Thumb Code    12  hal_cm3.o(.emb_text)
    Reset_Handler                            0x000002bd   Thumb Code     8  startup_lpc17xx.o(.text)
    NMI_Handler                              0x000002c5   Thumb Code     2  startup_lpc17xx.o(.text)
    HardFault_Handler                        0x000002c7   Thumb Code     2  startup_lpc17xx.o(.text)
    MemManage_Handler                        0x000002c9   Thumb Code     2  startup_lpc17xx.o(.text)
    BusFault_Handler                         0x000002cb   Thumb Code     2  startup_lpc17xx.o(.text)
    UsageFault_Handler                       0x000002cd   Thumb Code     2  startup_lpc17xx.o(.text)
    DebugMon_Handler                         0x000002d1   Thumb Code     2  startup_lpc17xx.o(.text)
    ADC_IRQHandler                           0x000002d7   Thumb Code     0  startup_lpc17xx.o(.text)
    BOD_IRQHandler                           0x000002d7   Thumb Code     0  startup_lpc17xx.o(.text)
    CANActivity_IRQHandler                   0x000002d7   Thumb Code     0  startup_lpc17xx.o(.text)
    CAN_IRQHandler                           0x000002d7   Thumb Code     0  startup_lpc17xx.o(.text)
    DMA_IRQHandler                           0x000002d7   Thumb Code     0  startup_lpc17xx.o(.text)
    EINT0_IRQHandler                         0x000002d7   Thumb Code     0  startup_lpc17xx.o(.text)
    EINT1_IRQHandler                         0x000002d7   Thumb Code     0  startup_lpc17xx.o(.text)
    EINT2_IRQHandler                         0x000002d7   Thumb Code     0  startup_lpc17xx.o(.text)
    EINT3_IRQHandler                         0x000002d7   Thumb Code     0  startup_lpc17xx.o(.text)
    ENET_IRQHandler                          0x000002d7   Thumb Code     0  startup_lpc17xx.o(.text)
    I2C0_IRQHandler                          0x000002d7   Thumb Code     0  startup_lpc17xx.o(.text)
    I2C1_IRQHandler                          0x000002d7   Thumb Code     0  startup_lpc17xx.o(.text)
    I2C2_IRQHandler                          0x000002d7   Thumb Code     0  startup_lpc17xx.o(.text)
    I2S_IRQHandler                           0x000002d7   Thumb Code     0  startup_lpc17xx.o(.text)
    MCPWM_IRQHandler                         0x000002d7   Thumb Code     0  startup_lpc17xx.o(.text)
    PLL0_IRQHandler                          0x000002d7   Thumb Code     0  startup_lpc17xx.o(.text)
    PLL1_IRQHandler                          0x000002d7   Thumb Code     0  startup_lpc17xx.o(.text)
    PWM1_IRQHandler                          0x000002d7   Thumb Code     0  startup_lpc17xx.o(.text)
    QEI_IRQHandler                           0x000002d7   Thumb Code     0  startup_lpc17xx.o(.text)
    RIT_IRQHandler                           0x000002d7   Thumb Code     0  startup_lpc17xx.o(.text)
    RTC_IRQHandler                           0x000002d7   Thumb Code     0  startup_lpc17xx.o(.text)
    SPI_IRQHandler                           0x000002d7   Thumb Code     0  startup_lpc17xx.o(.text)
    SSP0_IRQHandler                          0x000002d7   Thumb Code     0  startup_lpc17xx.o(.text)
    SSP1_IRQHandler                          0x000002d7   Thumb Code     0  startup_lpc17xx.o(.text)
    TIMER0_IRQHandler                        0x000002d7   Thumb Code     0  startup_lpc17xx.o(.text)
    TIMER1_IRQHandler                        0x000002d7   Thumb Code     0  startup_lpc17xx.o(.text)
    TIMER2_IRQHandler                        0x000002d7   Thumb Code     0  startup_lpc17xx.o(.text)
    TIMER3_IRQHandler                        0x000002d7   Thumb Code     0  startup_lpc17xx.o(.text)
    UART0_IRQHandler                         0x000002d7   Thumb Code     0  startup_lpc17xx.o(.text)
    UART1_IRQHandler                         0x000002d7   Thumb Code     0  startup_lpc17xx.o(.text)
    UART2_IRQHandler                         0x000002d7   Thumb Code     0  startup_lpc17xx.o(.text)
    UART3_IRQHandler                         0x000002d7   Thumb Code     0  startup_lpc17xx.o(.text)
    USBActivity_IRQHandler                   0x000002d7   Thumb Code     0  startup_lpc17xx.o(.text)
    USB_IRQHandler                           0x000002d7   Thumb Code     0  startup_lpc17xx.o(.text)
    WDT_IRQHandler                           0x000002d7   Thumb Code     0  startup_lpc17xx.o(.text)
    __user_initial_stackheap                 0x000002d9   Thumb Code     0  startup_lpc17xx.o(.text)
    __I$use$semihosting                      0x000002f9   Thumb Code     0  use_no_semi.o(.text)
    __use_no_semihosting_swi                 0x000002f9   Thumb Code     2  use_no_semi.o(.text)
    os_tick_irqack                           0x000002fb   Thumb Code     2  rt_system.o(i.os_tick_irqack)
    __user_libspace                          0x00000301   Thumb Code     8  libspace.o(.text)
    __user_perproc_libspace                  0x00000301   Thumb Code     0  libspace.o(.text)
    __2printf                                0x00000309   Thumb Code    20  noretval__2printf.o(.text)
    exit                                     0x00000321   Thumb Code    18  exit.o(.text)
    __use_two_region_memory                  0x00000333   Thumb Code     2  heapauxi.o(.text)
    __rt_heap_escrow$2region                 0x00000335   Thumb Code     2  heapauxi.o(.text)
    __rt_heap_expand$2region                 0x00000337   Thumb Code     2  heapauxi.o(.text)
    _printf_char_file                        0x00000339   Thumb Code    32  _printf_char_file.o(.text)
    _printf_char_common                      0x00000367   Thumb Code    32  _printf_char_common.o(.text)
    __user_setup_stackheap                   0x0000038d   Thumb Code    74  sys_stackheap_outer.o(.text)
    __printf                                 0x000003d7   Thumb Code    40  __printf_nopercent.o(.text)
    SVC_Count                                0x00000400   Data           4  svc_table.o(SVC_TABLE)
    SER_Init                                 0x00000405   Thumb Code    68  serial.o(i.SER_Init)
    SVC_Table                                0x00000404   Data           0  svc_table.o(SVC_TABLE)
    SER_PutChar                              0x00000459   Thumb Code    20  serial.o(i.SER_PutChar)
    SystemInit                               0x00000471   Thumb Code   302  system_lpc17xx.o(i.SystemInit)
    __RL_RTX_VER                             0x00000482   Number         0  rt_system.o ABSOLUTE
    _init_box                                0x000005b1   Thumb Code    70  rt_membox.o(i._init_box)
    _mutex_acquire                           0x000005f9   Thumb Code    22  rtx_conf_cm.o(i._mutex_acquire)
    _mutex_release                           0x00000619   Thumb Code    18  rtx_conf_cm.o(i._mutex_release)
    _sys_exit                                0x00000635   Thumb Code     4  retarget.o(i._sys_exit)
    dbg_init                                 0x00000639   Thumb Code    34  hal_cm.o(i.dbg_init)
    dbg_task_notify                          0x00000669   Thumb Code    32  hal_cm.o(i.dbg_task_notify)
    dbg_task_switch                          0x00000689   Thumb Code    16  hal_cm.o(i.dbg_task_switch)
    ferror                                   0x00000699   Thumb Code     8  retarget.o(i.ferror)
    fputc                                    0x000006a1   Thumb Code    14  retarget.o(i.fputc)
    isrMessageGet                            0x000006af   Thumb Code    42  rt_cmsis.o(i.isrMessageGet)
    isrMessagePut                            0x000006d9   Thumb Code    44  rt_cmsis.o(i.isrMessagePut)
    isr_mbx_receive                          0x00000705   Thumb Code    86  rt_mailbox.o(i.isr_mbx_receive)
    isr_mbx_send                             0x0000075b   Thumb Code    14  rt_mailbox.o(i.isr_mbx_send)
    main                                     0x00000769   Thumb Code    14  main.o(i.main)
    osKernelInitialize                       0x00000789   Thumb Code    30  rt_cmsis.o(i.osKernelInitialize)
    osKernelStart                            0x000007ad   Thumb Code    98  rt_cmsis.o(i.osKernelStart)
    osMessageGet                             0x00000819   Thumb Code    18  rt_cmsis.o(i.osMessageGet)
    osThreadCreate                           0x00000831   Thumb Code    36  rt_cmsis.o(i.osThreadCreate)
    osThreadExit                             0x0000085d   Thumb Code    14  rt_cmsis.o(i.osThreadExit)
    osTimerCall                              0x00000875   Thumb Code     8  rt_cmsis.o(i.osTimerCall)
    osTimerThread                            0x00000881   Thumb Code    38  rt_cmsis.o(i.osTimerThread)
    os_error                                 0x000008ad   Thumb Code    34  rtx_conf_cm.o(i.os_error)
    os_idle_demon                            0x000008cf   Thumb Code     4  rtx_conf_cm.o(i.os_idle_demon)
    os_tick_init                             0x000008d5   Thumb Code    32  rt_system.o(i.os_tick_init)
    rt_alloc_box                             0x000008fd   Thumb Code    26  rt_membox.o(i.rt_alloc_box)
    rt_alloc_mem                             0x00000917   Thumb Code    62  rt_memory.o(i.rt_alloc_mem)
    rt_block                                 0x00000955   Thumb Code    48  rt_task.o(i.rt_block)
    rt_chk_robin                             0x0000098d   Thumb Code    60  rt_robin.o(i.rt_chk_robin)
    rt_dec_dly                               0x000009d5   Thumb Code   102  rt_list.o(i.rt_dec_dly)
    rt_dispatch                              0x00000a45   Thumb Code    60  rt_task.o(i.rt_dispatch)
    rt_evt_psh                               0x00000a89   Thumb Code    76  rt_event.o(i.rt_evt_psh)
    rt_free_box                              0x00000ad9   Thumb Code    44  rt_membox.o(i.rt_free_box)
    rt_free_mem                              0x00000b05   Thumb Code    40  rt_memory.o(i.rt_free_mem)
    rt_get_first                             0x00000b2d   Thumb Code    40  rt_list.o(i.rt_get_first)
    rt_init_mem                              0x00000ba5   Thumb Code    26  rt_memory.o(i.rt_init_mem)
    rt_init_robin                            0x00000bc1   Thumb Code    14  rt_robin.o(i.rt_init_robin)
    rt_init_stack                            0x00000bd9   Thumb Code   118  hal_cm.o(i.rt_init_stack)
    rt_mbx_check                             0x00000c59   Thumb Code     8  rt_mailbox.o(i.rt_mbx_check)
    rt_mbx_init                              0x00000c61   Thumb Code    26  rt_mailbox.o(i.rt_mbx_init)
    rt_mbx_psh                               0x00000c7d   Thumb Code   236  rt_mailbox.o(i.rt_mbx_psh)
    rt_mbx_wait                              0x00000d6d   Thumb Code   174  rt_mailbox.o(i.rt_mbx_wait)
    rt_mut_release                           0x00000e65   Thumb Code   208  rt_mutex.o(i.rt_mut_release)
    rt_mut_wait                              0x00000f3d   Thumb Code   114  rt_mutex.o(i.rt_mut_wait)
    rt_pop_req                               0x00000fb5   Thumb Code   112  rt_system.o(i.rt_pop_req)
    rt_psh_req                               0x00001031   Thumb Code    22  rt_system.o(i.rt_psh_req)
    rt_psq_enq                               0x00001051   Thumb Code    88  rt_list.o(i.rt_psq_enq)
    rt_put_dly                               0x000010ad   Thumb Code    68  rt_list.o(i.rt_put_dly)
    rt_put_prio                              0x000010f5   Thumb Code    54  rt_list.o(i.rt_put_prio)
    rt_put_rdy_first                         0x0000112d   Thumb Code    14  rt_list.o(i.rt_put_rdy_first)
    rt_resort_prio                           0x00001141   Thumb Code    46  rt_list.o(i.rt_resort_prio)
    rt_ret_val                               0x00001175   Thumb Code     6  hal_cm.o(i.rt_ret_val)
    rt_ret_val2                              0x0000117b   Thumb Code     8  hal_cm.o(i.rt_ret_val2)
    rt_rmv_dly                               0x00001183   Thumb Code    40  rt_list.o(i.rt_rmv_dly)
    rt_rmv_list                              0x000011ad   Thumb Code    44  rt_list.o(i.rt_rmv_list)
    rt_sem_psh                               0x000011dd   Thumb Code    48  rt_semaphore.o(i.rt_sem_psh)
    rt_stk_check                             0x00001211   Thumb Code    28  rt_system.o(i.rt_stk_check)
    rt_switch_req                            0x00001235   Thumb Code    30  rt_task.o(i.rt_switch_req)
    rt_sys_init                              0x0000125d   Thumb Code   138  rt_task.o(i.rt_sys_init)
    rt_sys_start                             0x00001329   Thumb Code   110  rt_task.o(i.rt_sys_start)
    rt_systick                               0x000013a1   Thumb Code    50  rt_system.o(i.rt_systick)
    rt_tsk_create                            0x00001429   Thumb Code   118  rt_task.o(i.rt_tsk_create)
    rt_tsk_delete                            0x000014b1   Thumb Code   352  rt_task.o(i.rt_tsk_delete)
    rt_tsk_prio                              0x0000162d   Thumb Code   108  rt_task.o(i.rt_tsk_prio)
    rt_tsk_self                              0x000016a9   Thumb Code    12  rt_task.o(i.rt_tsk_self)
    svcKernelInitialize                      0x000016b9   Thumb Code    80  rt_cmsis.o(i.svcKernelInitialize)
    svcKernelStart                           0x00001729   Thumb Code    62  rt_cmsis.o(i.svcKernelStart)
    svcMessageCreate                         0x00001771   Thumb Code    36  rt_cmsis.o(i.svcMessageCreate)
    svcMessageGet                            0x00001795   Thumb Code    58  rt_cmsis.o(i.svcMessageGet)
    svcThreadCreate                          0x000017d1   Thumb Code    96  rt_cmsis.o(i.svcThreadCreate)
    svcThreadGetId                           0x0000183d   Thumb Code    22  rt_cmsis.o(i.svcThreadGetId)
    svcThreadTerminate                       0x00001859   Thumb Code    50  rt_cmsis.o(i.svcThreadTerminate)
    svcTimerCall                             0x00001891   Thumb Code    24  rt_cmsis.o(i.svcTimerCall)
    sysTimerTick                             0x000018a9   Thumb Code    84  rt_cmsis.o(i.sysTimerTick)
    os_maxtaskrun                            0x00001904   Data           2  rtx_conf_cm.o(.constdata)
    os_stackinfo                             0x00001908   Data           4  rtx_conf_cm.o(.constdata)
    os_rrobin                                0x0000190c   Data           4  rtx_conf_cm.o(.constdata)
    os_tickfreq                              0x00001910   Data           4  rtx_conf_cm.o(.constdata)
    os_tickus_i                              0x00001914   Data           2  rtx_conf_cm.o(.constdata)
    os_tickus_f                              0x00001916   Data           2  rtx_conf_cm.o(.constdata)
    os_trv                                   0x00001918   Data           4  rtx_conf_cm.o(.constdata)
    os_flags                                 0x0000191c   Data           1  rtx_conf_cm.o(.constdata)
    CMSIS_RTOS_API_Version                   0x00001920   Data           4  rtx_conf_cm.o(.constdata)
    CMSIS_RTOS_RTX_Version                   0x00001924   Data           4  rtx_conf_cm.o(.constdata)
    os_clockrate                             0x00001928   Data           4  rtx_conf_cm.o(.constdata)
    os_timernum                              0x0000192c   Data           4  rtx_conf_cm.o(.constdata)
    mp_tcb_size                              0x00001930   Data           2  rtx_conf_cm.o(.constdata)
    mp_stk_size                              0x00001934   Data           4  rtx_conf_cm.o(.constdata)
    os_stack_sz                              0x00001938   Data           4  rtx_conf_cm.o(.constdata)
    os_fifo_size                             0x0000193c   Data           1  rtx_conf_cm.o(.constdata)
    os_thread_def_osTimerThread              0x00001940   Data          16  rtx_conf_cm.o(.constdata)
    os_messageQ_def_osTimerMessageQ          0x00001950   Data           8  rtx_conf_cm.o(.constdata)
    mp_tmr_size                              0x00001958   Data           2  rtx_conf_cm.o(.constdata)
    os_thread_def_main                       0x0000195c   Data          16  rtx_conf_cm.o(.constdata)
    Region$$Table$$Base                      0x0000196c   Number         0  anon$$obj.o(Region$$Table)
    Region$$Table$$Limit                     0x0000199c   Number         0  anon$$obj.o(Region$$Table)
    mp_tcb                                   0x10000000   Data         376  rtx_conf_cm.o(.bss)
    mp_stk                                   0x10000178   Data        1216  rtx_conf_cm.o(.bss)
    os_stack_mem                             0x10000638   Data         432  rtx_conf_cm.o(.bss)
    os_fifo                                  0x100007e8   Data         132  rtx_conf_cm.o(.bss)
    os_active_TCB                            0x1000086c   Data          28  rtx_conf_cm.o(.bss)
    os_messageQ_q_osTimerMessageQ            0x10000888   Data          32  rtx_conf_cm.o(.bss)
    __stdout                                 0x2007c000   Data           4  retarget.o(.data)
    __stdin                                  0x2007c004   Data           4  retarget.o(.data)
    osThreadId_osTimerThread                 0x2007c008   Data           4  rtx_conf_cm.o(.data)
    osMessageQId_osTimerMessageQ             0x2007c00c   Data           4  rtx_conf_cm.o(.data)
    os_tmr                                   0x2007c010   Data           4  rtx_conf_cm.o(.data)
    m_tmr                                    0x2007c014   Data           4  rtx_conf_cm.o(.data)
    os_initialized                           0x2007c01c   Data           1  rt_cmsis.o(.data)
    os_running                               0x2007c01d   Data           1  rt_cmsis.o(.data)
    os_timer_head                            0x2007c020   Data           4  rt_cmsis.o(.data)
    os_tsk                                   0x2007c024   Data           8  rt_task.o(.data)
    os_tick_irqn                             0x2007c030   Data           4  rt_system.o(.data)
    os_time                                  0x2007c034   Data           4  rt_time.o(.data)
    os_robin                                 0x2007c038   Data           8  rt_robin.o(.data)
    dbg_msg                                  0x2007c040   Data           1  hal_cm.o(.data)
    os_idle_TCB                              0x2007c044   Data          52  rt_task.o(.bss)
    os_rdy                                   0x2007c078   Data          24  rt_list.o(.bss)
    os_dly                                   0x2007c090   Data          24  rt_list.o(.bss)
    __libspace_start                         0x2007c0a8   Data          96  libspace.o(.bss)
    __temporary_stack_top$libspace           0x2007c108   Data           0  libspace.o(.bss)



==============================================================================

Memory Map of the image

  Image Entry point : 0x000000cd

  Load Region LR_IROM1 (Base: 0x00000000, Size: 0x000019e0, Max: 0x00080000, ABSOLUTE)

    Execution Region ER_IROM1 (Exec base: 0x00000000, Load base: 0x00000000, Size: 0x0000199c, Max: 0x00080000, ABSOLUTE)

    Exec Addr    Load Addr    Size         Type   Attr      Idx    E Section Name        Object

    0x00000000   0x00000000   0x000000cc   Data   RO          239    RESET               startup_lpc17xx.o
    0x000000cc   0x000000cc   0x00000008   Code   RO         1515  * !!!main             c_w.l(__main.o)
    0x000000d4   0x000000d4   0x00000034   Code   RO         1676    !!!scatter          c_w.l(__scatter.o)
    0x00000108   0x00000108   0x0000001a   Code   RO         1678    !!handler_copy      c_w.l(__scatter_copy.o)
    0x00000122   0x00000122   0x00000002   PAD
    0x00000124   0x00000124   0x0000001c   Code   RO         1680    !!handler_zi        c_w.l(__scatter_zi.o)
    0x00000140   0x00000140   0x00000002   Code   RO         1566    .ARM.Collect$$libinit$$00000000  c_w.l(libinit.o)
    0x00000142   0x00000142   0x00000000   Code   RO         1575    .ARM.Collect$$libinit$$00000002  c_w.l(libinit2.o)
    0x00000142   0x00000142   0x00000000   Code   RO         1577    .ARM.Collect$$libinit$$00000004  c_w.l(libinit2.o)
    0x00000142   0x00000142   0x00000000   Code   RO         1580    .ARM.Collect$$libinit$$0000000A  c_w.l(libinit2.o)
    0x00000142   0x00000142   0x00000000   Code   RO         1582    .ARM.Collect$$libinit$$0000000C  c_w.l(libinit2.o)
    0x00000142   0x00000142   0x00000000   Code   RO         1584    .ARM.Collect$$libinit$$0000000E  c_w.l(libinit2.o)
    0x00000142   0x00000142   0x00000000   Code   RO         1587    .ARM.Collect$$libinit$$00000011  c_w.l(libinit2.o)
    0x00000142   0x00000142   0x00000000   Code   RO         1589    .ARM.Collect$$libinit$$00000013  c_w.l(libinit2.o)
    0x00000142   0x00000142   0x00000000   Code   RO         1591    .ARM.Collect$$libinit$$00000015  c_w.l(libinit2.o)
    0x00000142   0x00000142   0x00000000   Code   RO         1593    .ARM.Collect$$libinit$$00000017  c_w.l(libinit2.o)
    0x00000142   0x00000142   0x00000000   Code   RO         1595    .ARM.Collect$$libinit$$00000019  c_w.l(libinit2.o)
    0x00000142   0x00000142   0x00000000   Code   RO         1597    .ARM.Collect$$libinit$$0000001B  c_w.l(libinit2.o)
    0x00000142   0x00000142   0x00000000   Code   RO         1599    .ARM.Collect$$libinit$$0000001D  c_w.l(libinit2.o)
    0x00000142   0x00000142   0x00000000   Code   RO         1601    .ARM.Collect$$libinit$$0000001F  c_w.l(libinit2.o)
    0x00000142   0x00000142   0x00000000   Code   RO         1603    .ARM.Collect$$libinit$$00000021  c_w.l(libinit2.o)
    0x00000142   0x00000142   0x00000000   Code   RO         1605    .ARM.Collect$$libinit$$00000023  c_w.l(libinit2.o)
    0x00000142   0x00000142   0x00000000   Code   RO         1607    .ARM.Collect$$libinit$$00000025  c_w.l(libinit2.o)
    0x00000142   0x00000142   0x00000000   Code   RO         1611    .ARM.Collect$$libinit$$0000002C  c_w.l(libinit2.o)
    0x00000142   0x00000142   0x00000000   Code   RO         1613    .ARM.Collect$$libinit$$0000002E  c_w.l(libinit2.o)
    0x00000142   0x00000142   0x00000000   Code   RO         1615    .ARM.Collect$$libinit$$00000030  c_w.l(libinit2.o)
    0x00000142   0x00000142   0x00000000   Code   RO         1617    .ARM.Collect$$libinit$$00000032  c_w.l(libinit2.o)
    0x00000142   0x00000142   0x00000002   Code   RO         1618    .ARM.Collect$$libinit$$00000033  c_w.l(libinit2.o)
    0x00000144   0x00000144   0x00000002   Code   RO         1567    .ARM.Collect$$libshutdown$$00000000  c_w.l(libshutdown.o)
    0x00000146   0x00000146   0x00000000   Code   RO         1620    .ARM.Collect$$libshutdown$$00000002  c_w.l(libshutdown2.o)
    0x00000146   0x00000146   0x00000000   Code   RO         1622    .ARM.Collect$$libshutdown$$00000004  c_w.l(libshutdown2.o)
    0x00000146   0x00000146   0x00000000   Code   RO         1625    .ARM.Collect$$libshutdown$$00000007  c_w.l(libshutdown2.o)
    0x00000146   0x00000146   0x00000000   Code   RO         1628    .ARM.Collect$$libshutdown$$0000000A  c_w.l(libshutdown2.o)
    0x00000146   0x00000146   0x00000000   Code   RO         1630    .ARM.Collect$$libshutdown$$0000000C  c_w.l(libshutdown2.o)
    0x00000146   0x00000146   0x00000000   Code   RO         1633    .ARM.Collect$$libshutdown$$0000000F  c_w.l(libshutdown2.o)
    0x00000146   0x00000146   0x00000002   Code   RO         1634    .ARM.Collect$$libshutdown$$00000010  c_w.l(libshutdown2.o)
    0x00000148   0x00000148   0x00000000   Code   RO         1517    .ARM.Collect$$rtentry$$00000000  c_w.l(__rtentry.o)
    0x00000148   0x00000148   0x00000000   Code   RO         1527    .ARM.Collect$$rtentry$$00000002  c_w.l(__rtentry2.o)
    0x00000148   0x00000148   0x00000006   Code   RO         1539    .ARM.Collect$$rtentry$$00000004  c_w.l(__rtentry4.o)
    0x0000014e   0x0000014e   0x00000000   Code   RO         1529    .ARM.Collect$$rtentry$$00000009  c_w.l(__rtentry2.o)
    0x0000014e   0x0000014e   0x00000004   Code   RO         1530    .ARM.Collect$$rtentry$$0000000A  c_w.l(__rtentry2.o)
    0x00000152   0x00000152   0x00000008   Code   RO         1531    .ARM.Collect$$rtentry$$0000000B  c_w.l(__rtentry2.o)
    0x0000015a   0x0000015a   0x00000008   Code   RO         1533    .ARM.Collect$$rtentry$$0000000D  c_w.l(__rtentry2.o)
    0x00000162   0x00000162   0x00000002   Code   RO         1518    .ARM.Collect$$rtexit$$00000000  c_w.l(rtexit.o)
    0x00000164   0x00000164   0x00000000   Code   RO         1542    .ARM.Collect$$rtexit$$00000002  c_w.l(rtexit2.o)
    0x00000164   0x00000164   0x00000004   Code   RO         1543    .ARM.Collect$$rtexit$$00000003  c_w.l(rtexit2.o)
    0x00000168   0x00000168   0x00000006   Code   RO         1544    .ARM.Collect$$rtexit$$00000004  c_w.l(rtexit2.o)
    0x0000016e   0x0000016e   0x00000002   PAD
    0x00000170   0x00000170   0x0000001c   Code   RO          176    .emb_text           rtx_conf_cm.o
    0x0000018c   0x0000018c   0x00000130   Code   RO         1485    .emb_text           RTX_CM3.lib(hal_cm3.o)
    0x000002bc   0x000002bc   0x0000003c   Code   RO          241    .text               startup_lpc17xx.o
    0x000002f8   0x000002f8   0x00000002   Code   RO         1503    .text               c_w.l(use_no_semi.o)
    0x000002fa   0x000002fa   0x00000002   Code   RO         1032    i.os_tick_irqack    RTX_CM3.lib(rt_system.o)
    0x000002fc   0x000002fc   0x00000004   Code   RO          240    .ARM.__at_0x02FC    startup_lpc17xx.o
    0x00000300   0x00000300   0x00000008   Code   RO         1500    .text               c_w.l(libspace.o)
    0x00000308   0x00000308   0x00000018   Code   RO         1509    .text               c_w.l(noretval__2printf.o)
    0x00000320   0x00000320   0x00000012   Code   RO         1511    .text               c_w.l(exit.o)
    0x00000332   0x00000332   0x00000006   Code   RO         1513    .text               c_w.l(heapauxi.o)
    0x00000338   0x00000338   0x00000024   Code   RO         1524    .text               c_w.l(_printf_char_file.o)
    0x0000035c   0x0000035c   0x00000030   Code   RO         1550    .text               c_w.l(_printf_char_common.o)
    0x0000038c   0x0000038c   0x0000004a   Code   RO         1552    .text               c_w.l(sys_stackheap_outer.o)
    0x000003d6   0x000003d6   0x00000028   Code   RO         1554    .text               c_w.l(__printf_nopercent.o)
    0x000003fe   0x000003fe   0x00000002   PAD
    0x00000400   0x00000400   0x00000004   Code   RO         1495    SVC_TABLE           RTX_CM3.lib(svc_table.o)
    0x00000404   0x00000404   0x00000054   Code   RO          121    i.SER_Init          serial.o
    0x00000458   0x00000458   0x00000018   Code   RO          122    i.SER_PutChar       serial.o
    0x00000470   0x00000470   0x00000140   Code   RO          251    i.SystemInit        system_lpc17xx.o
    0x000005b0   0x000005b0   0x00000046   Code   RO         1384    i._init_box         RTX_CM3.lib(rt_membox.o)
    0x000005f6   0x000005f6   0x00000002   PAD
    0x000005f8   0x000005f8   0x00000020   Code   RO          178    i._mutex_acquire    rtx_conf_cm.o
    0x00000618   0x00000618   0x0000001c   Code   RO          180    i._mutex_release    rtx_conf_cm.o
    0x00000634   0x00000634   0x00000004   Code   RO           61    i._sys_exit         retarget.o
    0x00000638   0x00000638   0x00000030   Code   RO         1437    i.dbg_init          RTX_CM3.lib(hal_cm.o)
    0x00000668   0x00000668   0x00000020   Code   RO         1438    i.dbg_task_notify   RTX_CM3.lib(hal_cm.o)
    0x00000688   0x00000688   0x00000010   Code   RO         1439    i.dbg_task_switch   RTX_CM3.lib(hal_cm.o)
    0x00000698   0x00000698   0x00000008   Code   RO           63    i.ferror            retarget.o
    0x000006a0   0x000006a0   0x0000000e   Code   RO           65    i.fputc             retarget.o
    0x000006ae   0x000006ae   0x0000002a   Code   RO          293    i.isrMessageGet     RTX_CM3.lib(rt_cmsis.o)
    0x000006d8   0x000006d8   0x0000002c   Code   RO          294    i.isrMessagePut     RTX_CM3.lib(rt_cmsis.o)
    0x00000704   0x00000704   0x00000056   Code   RO         1239    i.isr_mbx_receive   RTX_CM3.lib(rt_mailbox.o)
    0x0000075a   0x0000075a   0x0000000e   Code   RO         1240    i.isr_mbx_send      RTX_CM3.lib(rt_mailbox.o)
    0x00000768   0x00000768   0x00000020   Code   RO            4    i.main              main.o
    0x00000788   0x00000788   0x00000024   Code   RO          298    i.osKernelInitialize  RTX_CM3.lib(rt_cmsis.o)
    0x000007ac   0x000007ac   0x0000006c   Code   RO          300    i.osKernelStart     RTX_CM3.lib(rt_cmsis.o)
    0x00000818   0x00000818   0x00000018   Code   RO          309    i.osMessageGet      RTX_CM3.lib(rt_cmsis.o)
    0x00000830   0x00000830   0x0000002c   Code   RO          326    i.osThreadCreate    RTX_CM3.lib(rt_cmsis.o)
    0x0000085c   0x0000085c   0x00000018   Code   RO          327    i.osThreadExit      RTX_CM3.lib(rt_cmsis.o)
    0x00000874   0x00000874   0x0000000c   Code   RO          333    i.osTimerCall       RTX_CM3.lib(rt_cmsis.o)
    0x00000880   0x00000880   0x0000002c   Code   RO          338    i.osTimerThread     RTX_CM3.lib(rt_cmsis.o)
    0x000008ac   0x000008ac   0x00000022   Code   RO          181    i.os_error          rtx_conf_cm.o
    0x000008ce   0x000008ce   0x00000004   Code   RO          182    i.os_idle_demon     rtx_conf_cm.o
    0x000008d2   0x000008d2   0x00000002   PAD
    0x000008d4   0x000008d4   0x00000028   Code   RO         1031    i.os_tick_init      RTX_CM3.lib(rt_system.o)
    0x000008fc   0x000008fc   0x0000001a   Code   RO         1385    i.rt_alloc_box      RTX_CM3.lib(rt_membox.o)
    0x00000916   0x00000916   0x0000003e   Code   RO         1413    i.rt_alloc_mem      RTX_CM3.lib(rt_memory.o)
    0x00000954   0x00000954   0x00000038   Code   RO          912    i.rt_block          RTX_CM3.lib(rt_task.o)
    0x0000098c   0x0000098c   0x00000048   Code   RO         1362    i.rt_chk_robin      RTX_CM3.lib(rt_robin.o)
    0x000009d4   0x000009d4   0x00000070   Code   RO         1163    i.rt_dec_dly        RTX_CM3.lib(rt_list.o)
    0x00000a44   0x00000a44   0x00000044   Code   RO          913    i.rt_dispatch       RTX_CM3.lib(rt_task.o)
    0x00000a88   0x00000a88   0x00000050   Code   RO         1124    i.rt_evt_psh        RTX_CM3.lib(rt_event.o)
    0x00000ad8   0x00000ad8   0x0000002c   Code   RO         1386    i.rt_free_box       RTX_CM3.lib(rt_membox.o)
    0x00000b04   0x00000b04   0x00000028   Code   RO         1414    i.rt_free_mem       RTX_CM3.lib(rt_memory.o)
    0x00000b2c   0x00000b2c   0x00000028   Code   RO         1164    i.rt_get_first      RTX_CM3.lib(rt_list.o)
    0x00000b54   0x00000b54   0x00000008   Code   RO          343    i.rt_id2obj         RTX_CM3.lib(rt_cmsis.o)
    0x00000b5c   0x00000b5c   0x00000048   Code   RO          914    i.rt_init_context   RTX_CM3.lib(rt_task.o)
    0x00000ba4   0x00000ba4   0x0000001a   Code   RO         1415    i.rt_init_mem       RTX_CM3.lib(rt_memory.o)
    0x00000bbe   0x00000bbe   0x00000002   PAD
    0x00000bc0   0x00000bc0   0x00000018   Code   RO         1363    i.rt_init_robin     RTX_CM3.lib(rt_robin.o)
    0x00000bd8   0x00000bd8   0x00000080   Code   RO         1440    i.rt_init_stack     RTX_CM3.lib(hal_cm.o)
    0x00000c58   0x00000c58   0x00000008   Code   RO         1241    i.rt_mbx_check      RTX_CM3.lib(rt_mailbox.o)
    0x00000c60   0x00000c60   0x0000001a   Code   RO         1242    i.rt_mbx_init       RTX_CM3.lib(rt_mailbox.o)
    0x00000c7a   0x00000c7a   0x00000002   PAD
    0x00000c7c   0x00000c7c   0x000000f0   Code   RO         1243    i.rt_mbx_psh        RTX_CM3.lib(rt_mailbox.o)
    0x00000d6c   0x00000d6c   0x000000b4   Code   RO         1245    i.rt_mbx_wait       RTX_CM3.lib(rt_mailbox.o)
    0x00000e20   0x00000e20   0x00000044   Code   RO          344    i.rt_ms2tick        RTX_CM3.lib(rt_cmsis.o)
    0x00000e64   0x00000e64   0x000000d8   Code   RO          998    i.rt_mut_release    RTX_CM3.lib(rt_mutex.o)
    0x00000f3c   0x00000f3c   0x00000078   Code   RO          999    i.rt_mut_wait       RTX_CM3.lib(rt_mutex.o)
    0x00000fb4   0x00000fb4   0x0000007c   Code   RO         1035    i.rt_pop_req        RTX_CM3.lib(rt_system.o)
    0x00001030   0x00001030   0x00000020   Code   RO         1036    i.rt_psh_req        RTX_CM3.lib(rt_system.o)
    0x00001050   0x00001050   0x0000005c   Code   RO         1166    i.rt_psq_enq        RTX_CM3.lib(rt_list.o)
    0x000010ac   0x000010ac   0x00000048   Code   RO         1167    i.rt_put_dly        RTX_CM3.lib(rt_list.o)
    0x000010f4   0x000010f4   0x00000036   Code   RO         1168    i.rt_put_prio       RTX_CM3.lib(rt_list.o)
    0x0000112a   0x0000112a   0x00000002   PAD
    0x0000112c   0x0000112c   0x00000014   Code   RO         1169    i.rt_put_rdy_first  RTX_CM3.lib(rt_list.o)
    0x00001140   0x00001140   0x00000034   Code   RO         1170    i.rt_resort_prio    RTX_CM3.lib(rt_list.o)
    0x00001174   0x00001174   0x00000006   Code   RO         1441    i.rt_ret_val        RTX_CM3.lib(hal_cm.o)
    0x0000117a   0x0000117a   0x00000008   Code   RO         1442    i.rt_ret_val2       RTX_CM3.lib(hal_cm.o)
    0x00001182   0x00001182   0x00000028   Code   RO         1171    i.rt_rmv_dly        RTX_CM3.lib(rt_list.o)
    0x000011aa   0x000011aa   0x00000002   PAD
    0x000011ac   0x000011ac   0x00000030   Code   RO         1172    i.rt_rmv_list       RTX_CM3.lib(rt_list.o)
    0x000011dc   0x000011dc   0x00000034   Code   RO         1290    i.rt_sem_psh        RTX_CM3.lib(rt_semaphore.o)
    0x00001210   0x00001210   0x00000024   Code   RO         1038    i.rt_stk_check      RTX_CM3.lib(rt_system.o)
    0x00001234   0x00001234   0x00000028   Code   RO          915    i.rt_switch_req     RTX_CM3.lib(rt_task.o)
    0x0000125c   0x0000125c   0x000000cc   Code   RO          916    i.rt_sys_init       RTX_CM3.lib(rt_task.o)
    0x00001328   0x00001328   0x00000078   Code   RO          917    i.rt_sys_start      RTX_CM3.lib(rt_task.o)
    0x000013a0   0x000013a0   0x00000040   Code   RO         1040    i.rt_systick        RTX_CM3.lib(rt_system.o)
    0x000013e0   0x000013e0   0x00000012   Code   RO          345    i.rt_tid2ptcb       RTX_CM3.lib(rt_cmsis.o)
    0x000013f2   0x000013f2   0x00000002   PAD
    0x000013f4   0x000013f4   0x00000034   Code   RO          346    i.rt_timer_insert   RTX_CM3.lib(rt_cmsis.o)
    0x00001428   0x00001428   0x00000088   Code   RO          918    i.rt_tsk_create     RTX_CM3.lib(rt_task.o)
    0x000014b0   0x000014b0   0x0000017c   Code   RO          919    i.rt_tsk_delete     RTX_CM3.lib(rt_task.o)
    0x0000162c   0x0000162c   0x0000007c   Code   RO          921    i.rt_tsk_prio       RTX_CM3.lib(rt_task.o)
    0x000016a8   0x000016a8   0x00000010   Code   RO          922    i.rt_tsk_self       RTX_CM3.lib(rt_task.o)
    0x000016b8   0x000016b8   0x00000070   Code   RO          349    i.svcKernelInitialize  RTX_CM3.lib(rt_cmsis.o)
    0x00001728   0x00001728   0x00000048   Code   RO          351    i.svcKernelStart    RTX_CM3.lib(rt_cmsis.o)
    0x00001770   0x00001770   0x00000024   Code   RO          354    i.svcMessageCreate  RTX_CM3.lib(rt_cmsis.o)
    0x00001794   0x00001794   0x0000003a   Code   RO          355    i.svcMessageGet     RTX_CM3.lib(rt_cmsis.o)
    0x000017ce   0x000017ce   0x00000002   PAD
    0x000017d0   0x000017d0   0x0000006c   Code   RO          369    i.svcThreadCreate   RTX_CM3.lib(rt_cmsis.o)
    0x0000183c   0x0000183c   0x0000001c   Code   RO          370    i.svcThreadGetId    RTX_CM3.lib(rt_cmsis.o)
    0x00001858   0x00001858   0x00000038   Code   RO          373    i.svcThreadTerminate  RTX_CM3.lib(rt_cmsis.o)
    0x00001890   0x00001890   0x00000018   Code   RO          375    i.svcTimerCall      RTX_CM3.lib(rt_cmsis.o)
    0x000018a8   0x000018a8   0x0000005c   Code   RO          384    i.sysTimerTick      RTX_CM3.lib(rt_cmsis.o)
    0x00001904   0x00001904   0x00000068   Data   RO          184    .constdata          rtx_conf_cm.o
    0x0000196c   0x0000196c   0x00000030   Data   RO         1674    Region$$Table       anon$$obj.o


    Execution Region RW_IRAM1 (Exec base: 0x10000000, Load base: 0x0000199c, Size: 0x00000bc8, Max: 0x00008000, ABSOLUTE)

    Exec Addr    Load Addr    Size         Type   Attr      Idx    E Section Name        Object

    0x10000000        -       0x00000bc8   Zero   RW          183    .bss                rtx_conf_cm.o


    Execution Region RW_IRAM2 (Exec base: 0x2007c000, Load base: 0x0000199c, Size: 0x00000308, Max: 0x00008000, ABSOLUTE)

    Exec Addr    Load Addr    Size         Type   Attr      Idx    E Section Name        Object

    0x2007c000   0x0000199c   0x00000008   Data   RW           66    .data               retarget.o
    0x2007c008   0x000019a4   0x00000014   Data   RW          185    .data               rtx_conf_cm.o
    0x2007c01c   0x000019b8   0x00000008   Data   RW          387    .data               RTX_CM3.lib(rt_cmsis.o)
    0x2007c024   0x000019c0   0x00000008   Data   RW          924    .data               RTX_CM3.lib(rt_task.o)
    0x2007c02c   0x000019c8   0x00000008   Data   RW         1043    .data               RTX_CM3.lib(rt_system.o)
    0x2007c034   0x000019d0   0x00000004   Data   RW         1333    .data               RTX_CM3.lib(rt_time.o)
    0x2007c038   0x000019d4   0x00000008   Data   RW         1364    .data               RTX_CM3.lib(rt_robin.o)
    0x2007c040   0x000019dc   0x00000001   Data   RW         1443    .data               RTX_CM3.lib(hal_cm.o)
    0x2007c041   0x000019dd   0x00000003   PAD
    0x2007c044        -       0x00000034   Zero   RW          923    .bss                RTX_CM3.lib(rt_task.o)
    0x2007c078        -       0x00000030   Zero   RW         1173    .bss                RTX_CM3.lib(rt_list.o)
    0x2007c0a8        -       0x00000060   Zero   RW         1501    .bss                c_w.l(libspace.o)
    0x2007c108        -       0x00000000   Zero   RW          238    HEAP                startup_lpc17xx.o
    0x2007c108        -       0x00000200   Zero   RW          237    STACK               startup_lpc17xx.o


==============================================================================

Image component sizes


      Code (inc. data)   RO Data    RW Data    ZI Data      Debug   Object Name

        32         18          0          0          0       3511   main.o
        26          0          0          8          0       7591   retarget.o
       126         26        104         20       3016       9099   rtx_conf_cm.o
       108         20          0          0          0        849   serial.o
        64         26        204          0        512       1012   startup_lpc17xx.o
       320         18          0          0          0        581   system_lpc17xx.o

    ----------------------------------------------------------------------
       678        108        356         28       3528      22643   Object Totals
         0          0         48          0          0          0   (incl. Generated)
         2          0          0          0          0          0   (incl. Padding)

    ----------------------------------------------------------------------

      Code (inc. data)   RO Data    RW Data    ZI Data      Debug   Library Member Name

       238         24          0          1          0       3312   hal_cm.o
       304         36          0          0          0        768   hal_cm3.o
      1110        138          0          8          0      31753   rt_cmsis.o
        80          4          0          0          0        661   rt_event.o
       530         34          0          0         48       8253   rt_list.o
       554         10          0          0          0       3949   rt_mailbox.o
       140          0          0          0          0       1925   rt_membox.o
       128          0          0          0          0       2307   rt_memory.o
       336         14          0          0          0       1643   rt_mutex.o
        96         22          0          8          0       1158   rt_robin.o
        52          4          0          0          0        573   rt_semaphore.o
       298         52          0          8          0       6223   rt_system.o
      1216        174          0          8         52       9649   rt_task.o
         0          0          0          4          0        214   rt_time.o
         4          4          0          0          0        208   svc_table.o
         8          0          0          0          0         68   __main.o
        40          0          0          0          0         84   __printf_nopercent.o
         0          0          0          0          0          0   __rtentry.o
        20          0          0          0          0          0   __rtentry2.o
         6          0          0          0          0          0   __rtentry4.o
        52          8          0          0          0          0   __scatter.o
        26          0          0          0          0          0   __scatter_copy.o
        28          0          0          0          0          0   __scatter_zi.o
        48          6          0          0          0         96   _printf_char_common.o
        36          4          0          0          0         80   _printf_char_file.o
        18          0          0          0          0         80   exit.o
         6          0          0          0          0        152   heapauxi.o
         2          0          0          0          0          0   libinit.o
         2          0          0          0          0          0   libinit2.o
         2          0          0          0          0          0   libshutdown.o
         2          0          0          0          0          0   libshutdown2.o
         8          4          0          0         96         68   libspace.o
        24          4          0          0          0         84   noretval__2printf.o
         2          0          0          0          0          0   rtexit.o
        10          0          0          0          0          0   rtexit2.o
        74          0          0          0          0         80   sys_stackheap_outer.o
         2          0          0          0          0         68   use_no_semi.o

    ----------------------------------------------------------------------
      5522        542          0         40        196      73456   Library Totals
        20          0          0          3          0          0   (incl. Padding)

    ----------------------------------------------------------------------

      Code (inc. data)   RO Data    RW Data    ZI Data      Debug   Library Name

      5086        516          0         37        100      72596   RTX_CM3.lib
       416         26          0          0         96        860   c_w.l

    ----------------------------------------------------------------------
      5522        542          0         40        196      73456   Library Totals

    ----------------------------------------------------------------------

==============================================================================


      Code (inc. data)   RO Data    RW Data    ZI Data      Debug   

      6200        650        356         68       3724      91883   Grand Totals
      6200        650        356         68       3724      91883   ELF Image Totals
      6200        650        356         68          0          0   ROM Totals

==============================================================================

    Total RO  Size (Code + RO Data)                 6556 (   6.40kB)
    Total RW  Size (RW Data + ZI Data)              3792 (   3.70kB)
    Total ROM Size (Code + RO Data + RW Data)       6624 (   6.47kB)

==============================================================================

